Archive member included to satisfy reference by file (symbol)

/Applications/Eclipse_e-puck2.app/Contents/Eclipse_e-puck2/Tools/gcc-arm-none-eabi-7-2017-q4-major/bin/../lib/gcc/arm-none-eabi/7.2.1/thumb/v7e-m/fpv4-sp/hard/libgcc.a(_arm_addsubdf3.o)
                              build/obj/chprintf.o (__aeabi_dsub)
/Applications/Eclipse_e-puck2.app/Contents/Eclipse_e-puck2/Tools/gcc-arm-none-eabi-7-2017-q4-major/bin/../lib/gcc/arm-none-eabi/7.2.1/thumb/v7e-m/fpv4-sp/hard/libgcc.a(_arm_muldivdf3.o)
                              build/obj/chprintf.o (__aeabi_dmul)
/Applications/Eclipse_e-puck2.app/Contents/Eclipse_e-puck2/Tools/gcc-arm-none-eabi-7-2017-q4-major/bin/../lib/gcc/arm-none-eabi/7.2.1/thumb/v7e-m/fpv4-sp/hard/libgcc.a(_arm_fixdfsi.o)
                              build/obj/chprintf.o (__aeabi_d2iz)
/Applications/Eclipse_e-puck2.app/Contents/Eclipse_e-puck2/Tools/gcc-arm-none-eabi-7-2017-q4-major/bin/../lib/gcc/arm-none-eabi/7.2.1/thumb/v7e-m/fpv4-sp/hard/libgcc.a(_arm_truncdfsf2.o)
                              build/obj/chprintf.o (__aeabi_d2f)
/Applications/Eclipse_e-puck2.app/Contents/Eclipse_e-puck2/Tools/gcc-arm-none-eabi-7-2017-q4-major/bin/../lib/gcc/arm-none-eabi/7.2.1/../../../../arm-none-eabi/lib/thumb/v7e-m/fpv4-sp/hard/libg.a(lib_a-memcpy.o)
                              build/obj/messagebus.o (memcpy)
/Applications/Eclipse_e-puck2.app/Contents/Eclipse_e-puck2/Tools/gcc-arm-none-eabi-7-2017-q4-major/bin/../lib/gcc/arm-none-eabi/7.2.1/../../../../arm-none-eabi/lib/thumb/v7e-m/fpv4-sp/hard/libg.a(lib_a-memset.o)
                              build/obj/messagebus.o (memset)
/Applications/Eclipse_e-puck2.app/Contents/Eclipse_e-puck2/Tools/gcc-arm-none-eabi-7-2017-q4-major/bin/../lib/gcc/arm-none-eabi/7.2.1/../../../../arm-none-eabi/lib/thumb/v7e-m/fpv4-sp/hard/libg.a(lib_a-strcmp.o)
                              build/obj/messagebus.o (strcmp)
/Applications/Eclipse_e-puck2.app/Contents/Eclipse_e-puck2/Tools/gcc-arm-none-eabi-7-2017-q4-major/bin/../lib/gcc/arm-none-eabi/7.2.1/../../../../arm-none-eabi/lib/thumb/v7e-m/fpv4-sp/hard/libg.a(lib_a-strncpy.o)
                              build/obj/messagebus.o (strncpy)

Discarded input sections

 .data          0x0000000000000000        0x0 build/obj/crt0_v7m.o
 .bss           0x0000000000000000        0x0 build/obj/crt0_v7m.o
 .data          0x0000000000000000        0x0 build/obj/chcoreasm_v7m.o
 .bss           0x0000000000000000        0x0 build/obj/chcoreasm_v7m.o
 .text          0x0000000000000000        0x0 build/obj/crt1.o
 .data          0x0000000000000000        0x0 build/obj/crt1.o
 .bss           0x0000000000000000        0x0 build/obj/crt1.o
 .text.__early_init
                0x0000000000000000        0x4 build/obj/crt1.o
 .text          0x0000000000000000        0x0 build/obj/vectors.o
 .data          0x0000000000000000        0x0 build/obj/vectors.o
 .bss           0x0000000000000000        0x0 build/obj/vectors.o
 .text          0x0000000000000000        0x0 build/obj/chsys.o
 .data          0x0000000000000000        0x0 build/obj/chsys.o
 .bss           0x0000000000000000        0x0 build/obj/chsys.o
 .text.chSysIntegrityCheckI
                0x0000000000000000       0xb0 build/obj/chsys.o
 .text.chSysGetStatusAndLockX
                0x0000000000000000       0x38 build/obj/chsys.o
 .text.chSysRestoreStatusX
                0x0000000000000000       0x54 build/obj/chsys.o
 .text.chSysIsCounterWithinX
                0x0000000000000000       0x10 build/obj/chsys.o
 .rodata.__func__.7153
                0x0000000000000000        0xc build/obj/chsys.o
 .text          0x0000000000000000        0x0 build/obj/chdebug.o
 .data          0x0000000000000000        0x0 build/obj/chdebug.o
 .bss           0x0000000000000000        0x0 build/obj/chdebug.o
 .text._dbg_check_disable
                0x0000000000000000       0x1c build/obj/chdebug.o
 .text._dbg_check_suspend
                0x0000000000000000       0x1c build/obj/chdebug.o
 .rodata._dbg_check_disable.str1.4
                0x0000000000000000        0x5 build/obj/chdebug.o
 .rodata._dbg_check_suspend.str1.4
                0x0000000000000000        0x5 build/obj/chdebug.o
 .text          0x0000000000000000        0x0 build/obj/chvt.o
 .data          0x0000000000000000        0x0 build/obj/chvt.o
 .bss           0x0000000000000000        0x0 build/obj/chvt.o
 .text          0x0000000000000000        0x0 build/obj/chschd.o
 .data          0x0000000000000000        0x0 build/obj/chschd.o
 .bss           0x0000000000000000        0x0 build/obj/chschd.o
 .text          0x0000000000000000        0x0 build/obj/chthreads.o
 .data          0x0000000000000000        0x0 build/obj/chthreads.o
 .bss           0x0000000000000000        0x0 build/obj/chthreads.o
 .text.chThdStart
                0x0000000000000000       0x68 build/obj/chthreads.o
 .text.chThdTerminate
                0x0000000000000000       0x58 build/obj/chthreads.o
 .text.chThdSleepUntil
[...]
Memory Configuration

Name             Origin             Length             Attributes
flash            0x0000000008000000 0x0000000000100000
ram0             0x0000000020000000 0x0000000000020000
ram1             0x0000000020000000 0x000000000001c000
ram2             0x000000002001c000 0x0000000000004000
ram3             0x0000000000000000 0x0000000000000000
ram4             0x0000000010000000 0x0000000000010000
ram5             0x0000000040024000 0x0000000000001000
ram6             0x0000000000000000 0x0000000000000000
ram7             0x0000000000000000 0x0000000000000000
*default*        0x0000000000000000 0xffffffffffffffff

Linker script and memory map

LOAD build/obj/crt0_v7m.o
LOAD build/obj/chcoreasm_v7m.o
LOAD build/obj/crt1.o
LOAD build/obj/vectors.o
LOAD build/obj/chsys.o
LOAD build/obj/chdebug.o
LOAD build/obj/chvt.o
LOAD build/obj/chschd.o
LOAD build/obj/chthreads.o
LOAD build/obj/chtm.o
LOAD build/obj/chstats.o
LOAD build/obj/chdynamic.o
LOAD build/obj/chregistry.o
LOAD build/obj/chsem.o
LOAD build/obj/chmtx.o
LOAD build/obj/chcond.o
LOAD build/obj/chevents.o
LOAD build/obj/chmsg.o
LOAD build/obj/chmboxes.o
LOAD build/obj/chqueues.o
LOAD build/obj/chmemcore.o
LOAD build/obj/chheap.o
LOAD build/obj/chmempools.o
LOAD build/obj/chcore.o
LOAD build/obj/chcore_v7m.o
LOAD build/obj/osal.o
LOAD build/obj/hal.o
LOAD build/obj/hal_queues.o
LOAD build/obj/hal_mmcsd.o
LOAD build/obj/adc.o
LOAD build/obj/can.o
LOAD build/obj/dac.o
LOAD build/obj/ext.o
LOAD build/obj/gpt.o
LOAD build/obj/i2c.o
LOAD build/obj/i2s.o
LOAD build/obj/icu.o
LOAD build/obj/mac.o
LOAD build/obj/mmc_spi.o
LOAD build/obj/pal.o
LOAD build/obj/pwm.o
LOAD build/obj/rtc.o
LOAD build/obj/sdc.o
LOAD build/obj/serial.o
LOAD build/obj/serial_usb.o
LOAD build/obj/spi.o
LOAD build/obj/st.o
LOAD build/obj/uart.o
LOAD build/obj/usb.o
LOAD build/obj/nvic.o
LOAD build/obj/stm32_dma.o
LOAD build/obj/hal_lld.o
LOAD build/obj/adc_lld.o
LOAD build/obj/ext_lld_isr.o
LOAD build/obj/can_lld.o
LOAD build/obj/ext_lld.o
LOAD build/obj/mac_lld.o
LOAD build/obj/sdc_lld.o
LOAD build/obj/dac_lld.o
LOAD build/obj/pal_lld.o
LOAD build/obj/i2c_lld.o
LOAD build/obj/usb_lld.o
LOAD build/obj/rtc_lld.o
LOAD build/obj/i2s_lld.o
LOAD build/obj/spi_lld.o
LOAD build/obj/gpt_lld.o
LOAD build/obj/icu_lld.o
LOAD build/obj/pwm_lld.o
LOAD build/obj/st_lld.o
LOAD build/obj/serial_lld.o
LOAD build/obj/uart_lld.o
LOAD build/obj/board.o
LOAD build/obj/chprintf.o
LOAD build/obj/messagebus.o
LOAD build/obj/port.o
LOAD build/obj/i2c_bus.o
LOAD build/obj/main.o
LOAD build/obj/mpu9250.o
LOAD build/obj/imu.o
LOAD /Applications/Eclipse_e-puck2.app/Contents/Eclipse_e-puck2/Tools/gcc-arm-none-eabi-7-2017-q4-major/bin/../lib/gcc/arm-none-eabi/7.2.1/../../../../arm-none-eabi/lib/thumb/v7e-m/fpv4-sp/hard/libm.a
                0x0000000020000000                __ram0_start__ = ORIGIN (ram0)
                0x0000000000020000                __ram0_size__ = LENGTH (ram0)
                0x0000000020020000                __ram0_end__ = (__ram0_start__ + __ram0_size__)
                0x0000000020000000                __ram1_start__ = ORIGIN (ram1)
                0x000000000001c000                __ram1_size__ = LENGTH (ram1)
                0x000000002001c000                __ram1_end__ = (__ram1_start__ + __ram1_size__)
                0x000000002001c000                __ram2_start__ = ORIGIN (ram2)
                0x0000000000004000                __ram2_size__ = LENGTH (ram2)
                0x0000000020020000                __ram2_end__ = (__ram2_start__ + __ram2_size__)
                0x0000000000000000                __ram3_start__ = ORIGIN (ram3)
                0x0000000000000000                __ram3_size__ = LENGTH (ram3)
                0x0000000000000000                __ram3_end__ = (__ram3_start__ + __ram3_size__)
                0x0000000010000000                __ram4_start__ = ORIGIN (ram4)
                0x0000000000010000                __ram4_size__ = LENGTH (ram4)
                0x0000000010010000                __ram4_end__ = (__ram4_start__ + __ram4_size__)
                0x0000000040024000                __ram5_start__ = ORIGIN (ram5)
                0x0000000000001000                __ram5_size__ = LENGTH (ram5)
                0x0000000040025000                __ram5_end__ = (__ram5_start__ + __ram5_size__)
                0x0000000000000000                __ram6_start__ = ORIGIN (ram6)
                0x0000000000000000                __ram6_size__ = LENGTH (ram6)
                0x0000000000000000                __ram6_end__ = (__ram6_start__ + __ram6_size__)
                0x0000000000000000                __ram7_start__ = ORIGIN (ram7)
                0x0000000000000000                __ram7_size__ = LENGTH (ram7)
                0x0000000000000000                __ram7_end__ = (__ram7_start__ + __ram7_size__)
                0x0000000000000000                . = 0x0
                0x0000000000000000                _text = .

startup         0x0000000008000000      0x1c0
 *(.vectors)
 .vectors       0x0000000008000000      0x1c0 build/obj/vectors.o
                0x0000000008000000                _vectors

constructors    0x00000000080001c0        0x0
                0x00000000080001c0                PROVIDE (__init_array_start, .)
 *(SORT_BY_NAME(.init_array.*))
 *(.init_array)
                0x00000000080001c0                PROVIDE (__init_array_end, .)

destructors     0x00000000080001c0        0x0
                0x00000000080001c0                PROVIDE (__fini_array_start, .)
 *(.fini_array)
 *(SORT_BY_NAME(.fini_array.*))
                0x00000000080001c0                PROVIDE (__fini_array_end, .)

.text           0x00000000080001c0     0x666c
 *(.text)
 .text          0x00000000080001c0       0xf0 build/obj/crt0_v7m.o
                0x00000000080001c0                Reset_Handler
 .text          0x00000000080002b0       0x48 build/obj/chcoreasm_v7m.o
                0x00000000080002b0                _port_switch
                0x00000000080002c8                _port_thread_start
                0x00000000080002e0                _port_switch_from_isr
                0x00000000080002f4                _port_exit_from_isr
 *fill*         0x00000000080002f8        0x8 
 .text          0x0000000008000300      0x378 /Applications/Eclipse_e-puck2.app/Contents/Eclipse_e-puck2/Tools/gcc-arm-none-eabi-7-2017-q4-major/bin/../lib/gcc/arm-none-eabi/7.2.1/thumb/v7e-m/fpv4-sp/hard/libgcc.a(_arm_addsubdf3.o)
                0x0000000008000300                __aeabi_drsub
                0x0000000008000308                __subdf3
                0x0000000008000308                __aeabi_dsub
                0x000000000800030c                __aeabi_dadd
                0x000000000800030c                __adddf3
                0x0000000008000584                __aeabi_ui2d
                0x0000000008000584                __floatunsidf
                0x00000000080005a4                __floatsidf
                0x00000000080005a4                __aeabi_i2d
                0x00000000080005c8                __extendsfdf2
                0x00000000080005c8                __aeabi_f2d
                0x000000000800060c                __aeabi_ul2d
                0x000000000800060c                __floatundidf
                0x000000000800061c                __aeabi_l2d
                0x000000000800061c                __floatdidf
 *fill*         0x0000000008000678        0x8 
 .text          0x0000000008000680      0x424 /Applications/Eclipse_e-puck2.app/Contents/Eclipse_e-puck2/Tools/gcc-arm-none-eabi-7-2017-q4-major/bin/../lib/gcc/arm-none-eabi/7.2.1/thumb/v7e-m/fpv4-sp/hard/libgcc.a(_arm_muldivdf3.o)
                0x0000000008000680                __aeabi_dmul
                0x0000000008000680                __muldf3
                0x00000000080008d4                __aeabi_ddiv
                0x00000000080008d4                __divdf3
 *fill*         0x0000000008000aa4        0xc 
 .text          0x0000000008000ab0       0x50 /Applications/Eclipse_e-puck2.app/Contents/Eclipse_e-puck2/Tools/gcc-arm-none-eabi-7-2017-q4-major/bin/../lib/gcc/arm-none-eabi/7.2.1/thumb/v7e-m/fpv4-sp/hard/libgcc.a(_arm_fixdfsi.o)
                0x0000000008000ab0                __fixdfsi
                0x0000000008000ab0                __aeabi_d2iz
 .text          0x0000000008000b00       0xa0 /Applications/Eclipse_e-puck2.app/Contents/Eclipse_e-puck2/Tools/gcc-arm-none-eabi-7-2017-q4-major/bin/../lib/gcc/arm-none-eabi/7.2.1/thumb/v7e-m/fpv4-sp/hard/libgcc.a(_arm_truncdfsf2.o)
                0x0000000008000b00                __aeabi_d2f
                0x0000000008000b00                __truncdfsf2
 .text          0x0000000008000ba0      0x134 /Applications/Eclipse_e-puck2.app/Contents/Eclipse_e-puck2/Tools/gcc-arm-none-eabi-7-2017-q4-major/bin/../lib/gcc/arm-none-eabi/7.2.1/../../../../arm-none-eabi/lib/thumb/v7e-m/fpv4-sp/hard/libg.a(lib_a-memcpy.o)
                0x0000000008000ba0                memcpy
 *fill*         0x0000000008000cd4        0xc 
 .text          0x0000000008000ce0      0x2dc /Applications/Eclipse_e-puck2.app/Contents/Eclipse_e-puck2/Tools/gcc-arm-none-eabi-7-2017-q4-major/bin/../lib/gcc/arm-none-eabi/7.2.1/../../../../arm-none-eabi/lib/thumb/v7e-m/fpv4-sp/hard/libg.a(lib_a-strcmp.o)
                0x0000000008000ce8                strcmp
 *(.text.*)
 *fill*         0x0000000008000fbc        0x4 
 .text.__late_init
                0x0000000008000fc0        0x4 build/obj/crt1.o
                0x0000000008000fc0                __late_init
 *fill*         0x0000000008000fc4        0xc 
 .text.__default_exit
                0x0000000008000fd0        0x4 build/obj/crt1.o
                0x0000000008000fd0                __default_exit
 *fill*         0x0000000008000fd4        0xc 
 .text._unhandled_exception
                0x0000000008000fe0       0x10 build/obj/vectors.o
                0x0000000008000fe0                Vector174
                0x0000000008000fe0                Vector9C
                0x0000000008000fe0                VectorE8
                0x0000000008000fe0                VectorAC
                0x0000000008000fe0                DebugMon_Handler
                0x0000000008000fe0                Vector1A0
                0x0000000008000fe0                Vector5C
                0x0000000008000fe0                Vector11C
                0x0000000008000fe0                HardFault_Handler
                0x0000000008000fe0                Vector1B8
                0x0000000008000fe0                Vector19C
                0x0000000008000fe0                Vector8C
                0x0000000008000fe0                PendSV_Handler
                0x0000000008000fe0                Vector168
                0x0000000008000fe0                NMI_Handler
                0x0000000008000fe0                Vector110
                0x0000000008000fe0                VectorC8
                0x0000000008000fe0                Vector94
                0x0000000008000fe0                VectorB4
                0x0000000008000fe0                Vector160
                0x0000000008000fe0                Vector1B0
                0x0000000008000fe0                UsageFault_Handler
                0x0000000008000fe0                VectorEC
                0x0000000008000fe0                Vector40
                0x0000000008000fe0                VectorF8
                0x0000000008000fe0                Vector108
                0x0000000008000fe0                Vector190
                0x0000000008000fe0                Vector148
                0x0000000008000fe0                Vector188
                0x0000000008000fe0                Vector198
                0x0000000008000fe0                Vector118
                0x0000000008000fe0                Vector64
                0x0000000008000fe0                VectorCC
                0x0000000008000fe0                Vector54
                0x0000000008000fe0                Vector98
                0x0000000008000fe0                VectorD8
                0x0000000008000fe0                Vector138
                0x0000000008000fe0                Vector24
                0x0000000008000fe0                Vector1AC
                0x0000000008000fe0                Vector178
                0x0000000008000fe0                Vector1A4
                0x0000000008000fe0                VectorD0
                0x0000000008000fe0                Vector1B4
                0x0000000008000fe0                Vector140
                0x0000000008000fe0                VectorE4
                0x0000000008000fe0                Vector134
                0x0000000008000fe0                VectorF0
                0x0000000008000fe0                Vector13C
                0x0000000008000fe0                Vector100
                0x0000000008000fe0                VectorE0
                0x0000000008000fe0                VectorF4
                0x0000000008000fe0                MemManage_Handler
                0x0000000008000fe0                VectorA0
                0x0000000008000fe0                VectorC4
                0x0000000008000fe0                Vector180
                0x0000000008000fe0                VectorB0
                0x0000000008000fe0                Vector90
                0x0000000008000fe0                Vector114
                0x0000000008000fe0                Vector60
                0x0000000008000fe0                Vector164
                0x0000000008000fe0                Vector1C
                0x0000000008000fe0                Vector1BC
                0x0000000008000fe0                Vector17C
                0x0000000008000fe0                Vector48
                0x0000000008000fe0                Vector1A8
                0x0000000008000fe0                Vector16C
                0x0000000008000fe0                VectorD4
                0x0000000008000fe0                Vector4C
                0x0000000008000fe0                Vector144
                0x0000000008000fe0                Vector15C
                0x0000000008000fe0                Vector68
                0x0000000008000fe0                _unhandled_exception
                0x0000000008000fe0                Vector170
                0x0000000008000fe0                Vector88
                0x0000000008000fe0                Vector104
                0x0000000008000fe0                Vector184
                0x0000000008000fe0                Vector10C
                0x0000000008000fe0                BusFault_Handler
                0x0000000008000fe0                Vector50
                0x0000000008000fe0                Vector194
                0x0000000008000fe0                Vector44
                0x0000000008000fe0                Vector28
                0x0000000008000fe0                VectorB8
                0x0000000008000fe0                Vector34
                0x0000000008000fe0                VectorA4
                0x0000000008000fe0                Vector20
                0x0000000008000fe0                Vector18C
                0x0000000008000fe0                Vector58
 .text._idle_thread
                0x0000000008000ff0        0x4 build/obj/chsys.o
 *fill*         0x0000000008000ff4        0xc 
 .text.chSysInit
                0x0000000008001000       0xbc build/obj/chsys.o
                0x0000000008001000                chSysInit
 *fill*         0x00000000080010bc        0x4 
 .text.chSysHalt
                0x00000000080010c0       0x14 build/obj/chsys.o
                0x00000000080010c0                chSysHalt
 *fill*         0x00000000080010d4        0xc 
 .text.chSysTimerHandlerI
                0x00000000080010e0       0x78 build/obj/chsys.o
                0x00000000080010e0                chSysTimerHandlerI
 *fill*         0x0000000008001158        0x8 
 .text.chSysPolledDelayX
                0x0000000008001160       0x14 build/obj/chsys.o
                0x0000000008001160                chSysPolledDelayX
 *fill*         0x0000000008001174        0xc 
 .text._dbg_check_enable
                0x0000000008001180       0x1c build/obj/chdebug.o
                0x0000000008001180                _dbg_check_enable
 *fill*         0x000000000800119c        0x4 
 .text._dbg_check_lock
                0x00000000080011a0       0x20 build/obj/chdebug.o
                0x00000000080011a0                _dbg_check_lock
 .text._dbg_check_unlock
                0x00000000080011c0       0x28 build/obj/chdebug.o
                0x00000000080011c0                _dbg_check_unlock
 *fill*         0x00000000080011e8        0x8 
 .text._dbg_check_lock_from_isr
                0x00000000080011f0       0x24 build/obj/chdebug.o
                0x00000000080011f0                _dbg_check_lock_from_isr
 *fill*         0x0000000008001214        0xc 
 .text._dbg_check_unlock_from_isr
                0x0000000008001220       0x2c build/obj/chdebug.o
                0x0000000008001220                _dbg_check_unlock_from_isr
 *fill*         0x000000000800124c        0x4 
 .text._dbg_check_enter_isr
                0x0000000008001250       0x30 build/obj/chdebug.o
                0x0000000008001250                _dbg_check_enter_isr
 .text._dbg_check_leave_isr
                0x0000000008001280       0x30 build/obj/chdebug.o
                0x0000000008001280                _dbg_check_leave_isr
 .text.chDbgCheckClassI
                0x00000000080012b0       0x20 build/obj/chdebug.o
                0x00000000080012b0                chDbgCheckClassI
 .text.chDbgCheckClassS
                0x00000000080012d0       0x1c build/obj/chdebug.o
                0x00000000080012d0                chDbgCheckClassS
 *fill*         0x00000000080012ec        0x4 
 .text._dbg_trace_init
                0x00000000080012f0       0x10 build/obj/chdebug.o
                0x00000000080012f0                _dbg_trace_init
 .text._dbg_trace
                0x0000000008001300       0x30 build/obj/chdebug.o
                0x0000000008001300                _dbg_trace
 .text._vt_init
                0x0000000008001330       0x1c build/obj/chvt.o
                0x0000000008001330                _vt_init
 *fill*         0x000000000800134c        0x4 
 .text.chVTDoSetI
                0x0000000008001350       0x58 build/obj/chvt.o
                0x0000000008001350                chVTDoSetI
 *fill*         0x00000000080013a8        0x8 
 .text.chVTDoResetI
                0x00000000080013b0       0x48 build/obj/chvt.o
                0x00000000080013b0                chVTDoResetI
 *fill*         0x00000000080013f8        0x8 
 .text._scheduler_init
                0x0000000008001400       0x14 build/obj/chschd.o
                0x0000000008001400                _scheduler_init
 *fill*         0x0000000008001414        0xc 
 .text.chSchReadyI
                0x0000000008001420       0x4c build/obj/chschd.o
                0x0000000008001420                chSchReadyI
 *fill*         0x000000000800146c        0x4 
 .text.wakeup   0x0000000008001470       0x6c build/obj/chschd.o
 *fill*         0x00000000080014dc        0x4 
 .text.chSchGoSleepS
                0x00000000080014e0       0x5c build/obj/chschd.o
                0x00000000080014e0                chSchGoSleepS
 *fill*         0x000000000800153c        0x4 
 .text.chSchGoSleepTimeoutS
                0x0000000008001540       0x54 build/obj/chschd.o
                0x0000000008001540                chSchGoSleepTimeoutS
 *fill*         0x0000000008001594        0xc 
 .text.chSchWakeupS
                0x00000000080015a0       0x70 build/obj/chschd.o
                0x00000000080015a0                chSchWakeupS
 .text.chSchIsPreemptionRequired
                0x0000000008001610       0x28 build/obj/chschd.o
                0x0000000008001610                chSchIsPreemptionRequired
 *fill*         0x0000000008001638        0x8 
 .text.chSchDoRescheduleBehind
                0x0000000008001640       0x58 build/obj/chschd.o
                0x0000000008001640                chSchDoRescheduleBehind
 *fill*         0x0000000008001698        0x8 
 .text.chSchDoRescheduleAhead
                0x00000000080016a0       0x68 build/obj/chschd.o
                0x00000000080016a0                chSchDoRescheduleAhead
 *fill*         0x0000000008001708        0x8 
 .text.chSchRescheduleS
                0x0000000008001710       0x28 build/obj/chschd.o
                0x0000000008001710                chSchRescheduleS
 *fill*         0x0000000008001738        0x8 
 .text.chSchDoReschedule
                0x0000000008001740       0x18 build/obj/chschd.o
                0x0000000008001740                chSchDoReschedule
 *fill*         0x0000000008001758        0x8 
 .text._thread_init
                0x0000000008001760       0x5c build/obj/chthreads.o
                0x0000000008001760                _thread_init
 *fill*         0x00000000080017bc        0x4 
 .text._thread_memfill
                0x00000000080017c0       0x10 build/obj/chthreads.o
                0x00000000080017c0                _thread_memfill
 .text.chThdCreateI
                0x00000000080017d0       0x50 build/obj/chthreads.o
                0x00000000080017d0                chThdCreateI
 .text.chThdCreateStatic
                0x0000000008001820       0x90 build/obj/chthreads.o
                0x0000000008001820                chThdCreateStatic
 .text.chThdSetPriority
                0x00000000080018b0       0x74 build/obj/chthreads.o
                0x00000000080018b0                chThdSetPriority
 *fill*         0x0000000008001924        0xc 
 .text.chThdSleep
                0x0000000008001930       0x60 build/obj/chthreads.o
                0x0000000008001930                chThdSleep
 .text.chThdSleepUntilWindowed
                0x0000000008001990       0x74 build/obj/chthreads.o
                0x0000000008001990                chThdSleepUntilWindowed
 *fill*         0x0000000008001a04        0xc 
 .text.chThdExitS
                0x0000000008001a10       0x4c build/obj/chthreads.o
                0x0000000008001a10                chThdExitS
 *fill*         0x0000000008001a5c        0x4 
 .text.chThdExit
                0x0000000008001a60       0x1c build/obj/chthreads.o
                0x0000000008001a60                chThdExit
 *fill*         0x0000000008001a7c        0x4 
 .text.chThdSuspendTimeoutS
                0x0000000008001a80       0x34 build/obj/chthreads.o
                0x0000000008001a80                chThdSuspendTimeoutS
 *fill*         0x0000000008001ab4        0xc 
 .text.chThdResumeI
                0x0000000008001ac0       0x30 build/obj/chthreads.o
                0x0000000008001ac0                chThdResumeI
 .text.chThdEnqueueTimeoutS
                0x0000000008001af0       0x28 build/obj/chthreads.o
                0x0000000008001af0                chThdEnqueueTimeoutS
 *fill*         0x0000000008001b18        0x8 
 .text.chThdDequeueNextI
                0x0000000008001b20       0x30 build/obj/chthreads.o
                0x0000000008001b20                chThdDequeueNextI
 .text.chTMObjectInit
                0x0000000008001b50       0x18 build/obj/chtm.o
                0x0000000008001b50                chTMObjectInit
 *fill*         0x0000000008001b68        0x8 
 .text.chTMStartMeasurementX
                0x0000000008001b70        0xc build/obj/chtm.o
                0x0000000008001b70                chTMStartMeasurementX
 *fill*         0x0000000008001b7c        0x4 
 .text.chTMStopMeasurementX
                0x0000000008001b80       0x48 build/obj/chtm.o
                0x0000000008001b80                chTMStopMeasurementX
 *fill*         0x0000000008001bc8        0x8 
 .text._tm_init
                0x0000000008001bd0       0x3c build/obj/chtm.o
                0x0000000008001bd0                _tm_init
 *fill*         0x0000000008001c0c        0x4 
 .text.chTMChainMeasurementToX
                0x0000000008001c10       0x40 build/obj/chtm.o
                0x0000000008001c10                chTMChainMeasurementToX
 .text._stats_init
                0x0000000008001c50       0x28 build/obj/chstats.o
                0x0000000008001c50                _stats_init
 *fill*         0x0000000008001c78        0x8 
 .text._stats_increase_irq
                0x0000000008001c80       0x14 build/obj/chstats.o
                0x0000000008001c80                _stats_increase_irq
 *fill*         0x0000000008001c94        0xc 
 .text._stats_ctxswc
                0x0000000008001ca0       0x24 build/obj/chstats.o
                0x0000000008001ca0                _stats_ctxswc
 *fill*         0x0000000008001cc4        0xc 
 .text._stats_start_measure_crit_thd
                0x0000000008001cd0        0xc build/obj/chstats.o
                0x0000000008001cd0                _stats_start_measure_crit_thd
 *fill*         0x0000000008001cdc        0x4 
 .text._stats_stop_measure_crit_thd
                0x0000000008001ce0        0xc build/obj/chstats.o
                0x0000000008001ce0                _stats_stop_measure_crit_thd
 *fill*         0x0000000008001cec        0x4 
 .text._stats_start_measure_crit_isr
                0x0000000008001cf0        0xc build/obj/chstats.o
                0x0000000008001cf0                _stats_start_measure_crit_isr
 *fill*         0x0000000008001cfc        0x4 
 .text._stats_stop_measure_crit_isr
                0x0000000008001d00        0xc build/obj/chstats.o
                0x0000000008001d00                _stats_stop_measure_crit_isr
 *fill*         0x0000000008001d0c        0x4 
 .text.chMtxObjectInit
                0x0000000008001d10       0x20 build/obj/chmtx.o
                0x0000000008001d10                chMtxObjectInit
 .text.chMtxLockS
                0x0000000008001d30      0x154 build/obj/chmtx.o
                0x0000000008001d30                chMtxLockS
 *fill*         0x0000000008001e84        0xc 
 .text.chMtxLock
                0x0000000008001e90       0x50 build/obj/chmtx.o
                0x0000000008001e90                chMtxLock
 .text.chMtxUnlock
                0x0000000008001ee0       0xf4 build/obj/chmtx.o
                0x0000000008001ee0                chMtxUnlock
 *fill*         0x0000000008001fd4        0xc 
 .text.chMtxUnlockS
                0x0000000008001fe0       0xb4 build/obj/chmtx.o
                0x0000000008001fe0                chMtxUnlockS
 *fill*         0x0000000008002094        0xc 
 .text.chCondBroadcastI
                0x00000000080020a0       0x38 build/obj/chcond.o
                0x00000000080020a0                chCondBroadcastI
 *fill*         0x00000000080020d8        0x8 
 .text.chCondBroadcast
                0x00000000080020e0       0x54 build/obj/chcond.o
                0x00000000080020e0                chCondBroadcast
 *fill*         0x0000000008002134        0xc 
 .text.chCondWaitS
                0x0000000008002140       0x6c build/obj/chcond.o
                0x0000000008002140                chCondWaitS
 *fill*         0x00000000080021ac        0x4 
 .text.chCondWait
                0x00000000080021b0       0x58 build/obj/chcond.o
                0x00000000080021b0                chCondWait
 *fill*         0x0000000008002208        0x8 
 .text.chEvtSignalI
                0x0000000008002210       0x48 build/obj/chevents.o
                0x0000000008002210                chEvtSignalI
 *fill*         0x0000000008002258        0x8 
 .text.chEvtBroadcastFlagsI
                0x0000000008002260       0x3c build/obj/chevents.o
                0x0000000008002260                chEvtBroadcastFlagsI
 *fill*         0x000000000800229c        0x4 
 .text.chIQObjectInit
                0x00000000080022a0       0x20 build/obj/chqueues.o
                0x00000000080022a0                chIQObjectInit
 .text.chIQPutI
                0x00000000080022c0       0x44 build/obj/chqueues.o
                0x00000000080022c0                chIQPutI
 *fill*         0x0000000008002304        0xc 
 .text.chIQGetTimeout
                0x0000000008002310       0x88 build/obj/chqueues.o
                0x0000000008002310                chIQGetTimeout
 *fill*         0x0000000008002398        0x8 
 .text.chIQReadTimeout
                0x00000000080023a0       0xdc build/obj/chqueues.o
                0x00000000080023a0                chIQReadTimeout
 *fill*         0x000000000800247c        0x4 
 .text.chOQObjectInit
                0x0000000008002480       0x1c build/obj/chqueues.o
                0x0000000008002480                chOQObjectInit
 *fill*         0x000000000800249c        0x4 
 .text.chOQPutTimeout
                0x00000000080024a0       0xac build/obj/chqueues.o
                0x00000000080024a0                chOQPutTimeout
 *fill*         0x000000000800254c        0x4 
 .text.chOQGetI
                0x0000000008002550       0x40 build/obj/chqueues.o
                0x0000000008002550                chOQGetI
 .text.chOQWriteTimeout
                0x0000000008002590       0xec build/obj/chqueues.o
                0x0000000008002590                chOQWriteTimeout
 *fill*         0x000000000800267c        0x4 
 .text._core_init
                0x0000000008002680       0x28 build/obj/chmemcore.o
                0x0000000008002680                _core_init
 *fill*         0x00000000080026a8        0x8 
 .text.chCoreAlloc
                0x00000000080026b0       0x74 build/obj/chmemcore.o
                0x00000000080026b0                chCoreAlloc
 *fill*         0x0000000008002724        0xc 
 .text._heap_init
                0x0000000008002730       0x1c build/obj/chheap.o
                0x0000000008002730                _heap_init
 *fill*         0x000000000800274c        0x4 
 .text.SVC_Handler
                0x0000000008002750       0x2c build/obj/chcore_v7m.o
                0x0000000008002750                SVC_Handler
 *fill*         0x000000000800277c        0x4 
 .text._port_irq_epilogue
                0x0000000008002780       0x60 build/obj/chcore_v7m.o
                0x0000000008002780                _port_irq_epilogue
 .text.halInit  0x00000000080027e0       0x30 build/obj/hal.o
                0x00000000080027e0                halInit
 .text.gptInit  0x0000000008002810        0x4 build/obj/gpt.o
                0x0000000008002810                gptInit
 *fill*         0x0000000008002814        0xc 
 .text.gptObjectInit
                0x0000000008002820        0xc build/obj/gpt.o
                0x0000000008002820                gptObjectInit
 *fill*         0x000000000800282c        0x4 
 .text.gptStart
                0x0000000008002830       0x78 build/obj/gpt.o
                0x0000000008002830                gptStart
 *fill*         0x00000000080028a8        0x8 
 .text.gptStartContinuousI
                0x00000000080028b0       0x34 build/obj/gpt.o
                0x00000000080028b0                gptStartContinuousI
 *fill*         0x00000000080028e4        0xc 
 .text.gptStartContinuous
                0x00000000080028f0       0x54 build/obj/gpt.o
                0x00000000080028f0                gptStartContinuous
 *fill*         0x0000000008002944        0xc 
 .text.i2cInit  0x0000000008002950        0x4 build/obj/i2c.o
                0x0000000008002950                i2cInit
 *fill*         0x0000000008002954        0xc 
 .text.i2cObjectInit
                0x0000000008002960       0x10 build/obj/i2c.o
                0x0000000008002960                i2cObjectInit
 .text.i2cStart
                0x0000000008002970       0x7c build/obj/i2c.o
                0x0000000008002970                i2cStart
 *fill*         0x00000000080029ec        0x4 
 .text.i2cStop  0x00000000080029f0       0x74 build/obj/i2c.o
                0x00000000080029f0                i2cStop
 *fill*         0x0000000008002a64        0xc 
 .text.i2cGetErrors
                0x0000000008002a70       0x18 build/obj/i2c.o
                0x0000000008002a70                i2cGetErrors
 *fill*         0x0000000008002a88        0x8 
 .text.i2cMasterTransmitTimeout
                0x0000000008002a90       0xb4 build/obj/i2c.o
                0x0000000008002a90                i2cMasterTransmitTimeout
 *fill*         0x0000000008002b44        0xc 
 .text.i2cAcquireBus
                0x0000000008002b50       0x28 build/obj/i2c.o
                0x0000000008002b50                i2cAcquireBus
 *fill*         0x0000000008002b78        0x8 
 .text.i2cReleaseBus
                0x0000000008002b80       0x28 build/obj/i2c.o
                0x0000000008002b80                i2cReleaseBus
 *fill*         0x0000000008002ba8        0x8 
 .text.readt    0x0000000008002bb0        0x8 build/obj/serial.o
 *fill*         0x0000000008002bb8        0x8 
 .text.read     0x0000000008002bc0        0xc build/obj/serial.o
 *fill*         0x0000000008002bcc        0x4 
 .text.writet   0x0000000008002bd0        0x8 build/obj/serial.o
 *fill*         0x0000000008002bd8        0x8 
 .text.write    0x0000000008002be0        0xc build/obj/serial.o
 *fill*         0x0000000008002bec        0x4 
 .text.gett     0x0000000008002bf0        0x8 build/obj/serial.o
 *fill*         0x0000000008002bf8        0x8 
 .text.get      0x0000000008002c00        0xc build/obj/serial.o
 *fill*         0x0000000008002c0c        0x4 
 .text.putt     0x0000000008002c10        0x8 build/obj/serial.o
 *fill*         0x0000000008002c18        0x8 
 .text.put      0x0000000008002c20        0xc build/obj/serial.o
 *fill*         0x0000000008002c2c        0x4 
 .text.sdInit   0x0000000008002c30        0x4 build/obj/serial.o
                0x0000000008002c30                sdInit
 *fill*         0x0000000008002c34        0xc 
 .text.sdObjectInit
                0x0000000008002c40       0x40 build/obj/serial.o
                0x0000000008002c40                sdObjectInit
 .text.sdStart  0x0000000008002c80       0x74 build/obj/serial.o
                0x0000000008002c80                sdStart
 *fill*         0x0000000008002cf4        0xc 
 .text.sdIncomingDataI
                0x0000000008002d00       0x54 build/obj/serial.o
                0x0000000008002d00                sdIncomingDataI
 *fill*         0x0000000008002d54        0xc 
 .text.sduInit  0x0000000008002d60        0x4 build/obj/serial_usb.o
                0x0000000008002d60                sduInit
 *fill*         0x0000000008002d64        0xc 
 .text.stInit   0x0000000008002d70        0x4 build/obj/st.o
                0x0000000008002d70                stInit
 *fill*         0x0000000008002d74        0xc 
 .text.usbInit  0x0000000008002d80        0x4 build/obj/usb.o
                0x0000000008002d80                usbInit
 *fill*         0x0000000008002d84        0xc 
 .text.usbObjectInit
                0x0000000008002d90       0x18 build/obj/usb.o
                0x0000000008002d90                usbObjectInit
 *fill*         0x0000000008002da8        0x8 
 .text.usbStartReceiveI
                0x0000000008002db0       0x3c build/obj/usb.o
                0x0000000008002db0                usbStartReceiveI
 *fill*         0x0000000008002dec        0x4 
 .text.usbStartTransmitI
                0x0000000008002df0       0x3c build/obj/usb.o
                0x0000000008002df0                usbStartTransmitI
 *fill*         0x0000000008002e2c        0x4 
 .text._usb_reset
                0x0000000008002e30       0x1c build/obj/usb.o
                0x0000000008002e30                _usb_reset
 *fill*         0x0000000008002e4c        0x4 
 .text._usb_ep0setup
                0x0000000008002e50      0x32c build/obj/usb.o
                0x0000000008002e50                _usb_ep0setup
 *fill*         0x000000000800317c        0x4 
 .text._usb_ep0in
                0x0000000008003180       0xfc build/obj/usb.o
                0x0000000008003180                _usb_ep0in
 *fill*         0x000000000800327c        0x4 
 .text._usb_ep0out
                0x0000000008003280       0xa8 build/obj/usb.o
                0x0000000008003280                _usb_ep0out
 *fill*         0x0000000008003328        0x8 
 .text.nvicEnableVector
                0x0000000008003330       0x34 build/obj/nvic.o
                0x0000000008003330                nvicEnableVector
 *fill*         0x0000000008003364        0xc 
 .text.nvicDisableVector
                0x0000000008003370       0x28 build/obj/nvic.o
                0x0000000008003370                nvicDisableVector
 *fill*         0x0000000008003398        0x8 
 .text.nvicSetSystemHandlerPriority
                0x00000000080033a0       0x24 build/obj/nvic.o
                0x00000000080033a0                nvicSetSystemHandlerPriority
 *fill*         0x00000000080033c4        0xc 
 .text.Vector6C
                0x00000000080033d0       0x34 build/obj/stm32_dma.o
                0x00000000080033d0                Vector6C
 *fill*         0x0000000008003404        0xc 
 .text.Vector70
                0x0000000008003410       0x38 build/obj/stm32_dma.o
                0x0000000008003410                Vector70
 *fill*         0x0000000008003448        0x8 
 .text.Vector74
                0x0000000008003450       0x38 build/obj/stm32_dma.o
                0x0000000008003450                Vector74
 *fill*         0x0000000008003488        0x8 
 .text.Vector78
                0x0000000008003490       0x38 build/obj/stm32_dma.o
                0x0000000008003490                Vector78
 *fill*         0x00000000080034c8        0x8 
 .text.Vector7C
                0x00000000080034d0       0x34 build/obj/stm32_dma.o
                0x00000000080034d0                Vector7C
 *fill*         0x0000000008003504        0xc 
 .text.Vector80
                0x0000000008003510       0x38 build/obj/stm32_dma.o
                0x0000000008003510                Vector80
 *fill*         0x0000000008003548        0x8 
 .text.Vector84
                0x0000000008003550       0x38 build/obj/stm32_dma.o
                0x0000000008003550                Vector84
 *fill*         0x0000000008003588        0x8 
 .text.VectorFC
                0x0000000008003590       0x38 build/obj/stm32_dma.o
                0x0000000008003590                VectorFC
 *fill*         0x00000000080035c8        0x8 
 .text.Vector120
                0x00000000080035d0       0x34 build/obj/stm32_dma.o
                0x00000000080035d0                Vector120
 *fill*         0x0000000008003604        0xc 
 .text.Vector124
                0x0000000008003610       0x38 build/obj/stm32_dma.o
                0x0000000008003610                Vector124
 *fill*         0x0000000008003648        0x8 
 .text.Vector128
                0x0000000008003650       0x38 build/obj/stm32_dma.o
                0x0000000008003650                Vector128
 *fill*         0x0000000008003688        0x8 
 .text.Vector12C
                0x0000000008003690       0x38 build/obj/stm32_dma.o
                0x0000000008003690                Vector12C
 *fill*         0x00000000080036c8        0x8 
 .text.Vector130
                0x00000000080036d0       0x34 build/obj/stm32_dma.o
                0x00000000080036d0                Vector130
 *fill*         0x0000000008003704        0xc 
 .text.Vector150
                0x0000000008003710       0x38 build/obj/stm32_dma.o
                0x0000000008003710                Vector150
 *fill*         0x0000000008003748        0x8 
 .text.Vector154
                0x0000000008003750       0x38 build/obj/stm32_dma.o
                0x0000000008003750                Vector154
 *fill*         0x0000000008003788        0x8 
 .text.Vector158
                0x0000000008003790       0x38 build/obj/stm32_dma.o
                0x0000000008003790                Vector158
 *fill*         0x00000000080037c8        0x8 
 .text.dmaInit  0x00000000080037d0       0x54 build/obj/stm32_dma.o
                0x00000000080037d0                dmaInit
 *fill*         0x0000000008003824        0xc 
 .text.dmaStreamAllocate
                0x0000000008003830       0xb0 build/obj/stm32_dma.o
                0x0000000008003830                dmaStreamAllocate
 .text.dmaStreamRelease
                0x00000000080038e0       0x68 build/obj/stm32_dma.o
                0x00000000080038e0                dmaStreamRelease
 *fill*         0x0000000008003948        0x8 
 .text.hal_lld_init
                0x0000000008003950       0x68 build/obj/hal_lld.o
                0x0000000008003950                hal_lld_init
 *fill*         0x00000000080039b8        0x8 
 .text.stm32_clock_init
                0x00000000080039c0       0xdc build/obj/hal_lld.o
                0x00000000080039c0                stm32_clock_init
 *fill*         0x0000000008003a9c        0x4 
 .text._pal_lld_init
                0x0000000008003aa0      0x1b0 build/obj/pal_lld.o
                0x0000000008003aa0                _pal_lld_init
 .text._pal_lld_setgroupmode
                0x0000000008003c50       0xbc build/obj/pal_lld.o
                0x0000000008003c50                _pal_lld_setgroupmode
 *fill*         0x0000000008003d0c        0x4 
 .text.i2c_lld_serve_tx_end_irq
                0x0000000008003d10       0x40 build/obj/i2c_lld.o
 .text.i2c_lld_serve_rx_end_irq
                0x0000000008003d50       0x74 build/obj/i2c_lld.o
 *fill*         0x0000000008003dc4        0xc 
 .text.VectorBC
                0x0000000008003dd0      0x118 build/obj/i2c_lld.o
                0x0000000008003dd0                VectorBC
 *fill*         0x0000000008003ee8        0x8 
 .text.VectorC0
                0x0000000008003ef0       0xfc build/obj/i2c_lld.o
                0x0000000008003ef0                VectorC0
 *fill*         0x0000000008003fec        0x4 
 .text.i2c_lld_init
                0x0000000008003ff0       0x2c build/obj/i2c_lld.o
                0x0000000008003ff0                i2c_lld_init
 *fill*         0x000000000800401c        0x4 
 .text.i2c_lld_start
                0x0000000008004020      0x244 build/obj/i2c_lld.o
                0x0000000008004020                i2c_lld_start
 *fill*         0x0000000008004264        0xc 
 .text.i2c_lld_stop
                0x0000000008004270       0x88 build/obj/i2c_lld.o
                0x0000000008004270                i2c_lld_stop
 *fill*         0x00000000080042f8        0x8 
 .text.i2c_lld_master_transmit_timeout
                0x0000000008004300       0xec build/obj/i2c_lld.o
                0x0000000008004300                i2c_lld_master_transmit_timeout
 *fill*         0x00000000080043ec        0x4 
 .text.usb_lld_init
                0x00000000080043f0       0x44 build/obj/usb_lld.o
                0x00000000080043f0                usb_lld_init
 *fill*         0x0000000008004434        0xc 
 .text.usb_lld_reset
                0x0000000008004440       0xd0 build/obj/usb_lld.o
                0x0000000008004440                usb_lld_reset
 .text.usb_lld_set_address
                0x0000000008004510       0x18 build/obj/usb_lld.o
                0x0000000008004510                usb_lld_set_address
 *fill*         0x0000000008004528        0x8 
 .text.usb_lld_get_status_out
                0x0000000008004530       0x1c build/obj/usb_lld.o
                0x0000000008004530                usb_lld_get_status_out
 *fill*         0x000000000800454c        0x4 
 .text.usb_lld_get_status_in
                0x0000000008004550       0x1c build/obj/usb_lld.o
                0x0000000008004550                usb_lld_get_status_in
 *fill*         0x000000000800456c        0x4 
 .text.usb_lld_read_setup
                0x0000000008004570       0x14 build/obj/usb_lld.o
                0x0000000008004570                usb_lld_read_setup
 *fill*         0x0000000008004584        0xc 
 .text.usb_lld_prepare_receive
                0x0000000008004590       0x40 build/obj/usb_lld.o
                0x0000000008004590                usb_lld_prepare_receive
 .text.otg_epout_handler.constprop.7
                0x00000000080045d0       0xac build/obj/usb_lld.o
 *fill*         0x000000000800467c        0x4 
 .text.usb_lld_prepare_transmit
                0x0000000008004680       0x4c build/obj/usb_lld.o
                0x0000000008004680                usb_lld_prepare_transmit
 *fill*         0x00000000080046cc        0x4 
 .text.otg_epin_handler.constprop.8
                0x00000000080046d0       0xf0 build/obj/usb_lld.o
 .text.Vector14C
                0x00000000080047c0      0x114 build/obj/usb_lld.o
                0x00000000080047c0                Vector14C
 *fill*         0x00000000080048d4        0xc 
 .text.usb_lld_start_out
                0x00000000080048e0       0x14 build/obj/usb_lld.o
                0x00000000080048e0                usb_lld_start_out
 *fill*         0x00000000080048f4        0xc 
 .text.usb_lld_start_in
                0x0000000008004900       0x2c build/obj/usb_lld.o
                0x0000000008004900                usb_lld_start_in
 *fill*         0x000000000800492c        0x4 
 .text.usb_lld_stall_out
                0x0000000008004930       0x14 build/obj/usb_lld.o
                0x0000000008004930                usb_lld_stall_out
 *fill*         0x0000000008004944        0xc 
 .text.usb_lld_stall_in
                0x0000000008004950       0x14 build/obj/usb_lld.o
                0x0000000008004950                usb_lld_stall_in
 *fill*         0x0000000008004964        0xc 
 .text.usb_lld_clear_out
                0x0000000008004970       0x14 build/obj/usb_lld.o
                0x0000000008004970                usb_lld_clear_out
 *fill*         0x0000000008004984        0xc 
 .text.usb_lld_clear_in
                0x0000000008004990       0x14 build/obj/usb_lld.o
                0x0000000008004990                usb_lld_clear_in
 *fill*         0x00000000080049a4        0xc 
 .text.VectorA8
                0x00000000080049b0       0x40 build/obj/gpt_lld.o
                0x00000000080049b0                VectorA8
 .text.gpt_lld_init
                0x00000000080049f0       0x14 build/obj/gpt_lld.o
                0x00000000080049f0                gpt_lld_init
 *fill*         0x0000000008004a04        0xc 
 .text.gpt_lld_start
                0x0000000008004a10       0x7c build/obj/gpt_lld.o
                0x0000000008004a10                gpt_lld_start
 *fill*         0x0000000008004a8c        0x4 
 .text.gpt_lld_start_timer
                0x0000000008004a90       0x24 build/obj/gpt_lld.o
                0x0000000008004a90                gpt_lld_start_timer
 *fill*         0x0000000008004ab4        0xc 
 .text.SysTick_Handler
                0x0000000008004ac0       0x38 build/obj/st_lld.o
                0x0000000008004ac0                SysTick_Handler
 *fill*         0x0000000008004af8        0x8 
 .text.st_lld_init
                0x0000000008004b00       0x20 build/obj/st_lld.o
                0x0000000008004b00                st_lld_init
 .text.notify3  0x0000000008004b20       0x10 build/obj/serial_lld.o
 .text.VectorDC
                0x0000000008004b30      0x184 build/obj/serial_lld.o
                0x0000000008004b30                VectorDC
 *fill*         0x0000000008004cb4        0xc 
 .text.sd_lld_init
                0x0000000008004cc0       0x20 build/obj/serial_lld.o
                0x0000000008004cc0                sd_lld_init
 .text.sd_lld_start
                0x0000000008004ce0       0x90 build/obj/serial_lld.o
                0x0000000008004ce0                sd_lld_start
 .text.__early_init
                0x0000000008004d70        0x4 build/obj/board.o
                0x0000000008004d70                __early_init
 *fill*         0x0000000008004d74        0xc 
 .text.boardInit
                0x0000000008004d80        0x4 build/obj/board.o
                0x0000000008004d80                boardInit
 *fill*         0x0000000008004d84        0xc 
 .text.chvprintf
                0x0000000008004d90      0x594 build/obj/chprintf.o
                0x0000000008004d90                chvprintf
 *fill*         0x0000000008005324        0xc 
 .text.messagebus_init
                0x0000000008005330        0xc build/obj/messagebus.o
                0x0000000008005330                messagebus_init
 *fill*         0x000000000800533c        0x4 
 .text.messagebus_topic_init
                0x0000000008005340       0x20 build/obj/messagebus.o
                0x0000000008005340                messagebus_topic_init
 .text.messagebus_advertise_topic
                0x0000000008005360       0x3c build/obj/messagebus.o
                0x0000000008005360                messagebus_advertise_topic
 *fill*         0x000000000800539c        0x4 
 .text.messagebus_find_topic_blocking
                0x00000000080053a0       0x38 build/obj/messagebus.o
                0x00000000080053a0                messagebus_find_topic_blocking
 *fill*         0x00000000080053d8        0x8 
 .text.messagebus_topic_publish
                0x00000000080053e0       0x5c build/obj/messagebus.o
                0x00000000080053e0                messagebus_topic_publish
 *fill*         0x000000000800543c        0x4 
 .text.messagebus_topic_wait
                0x0000000008005440       0x28 build/obj/messagebus.o
                0x0000000008005440                messagebus_topic_wait
 *fill*         0x0000000008005468        0x8 
 .text.messagebus_lock_acquire
                0x0000000008005470        0x4 build/obj/port.o
                0x0000000008005470                messagebus_lock_acquire
 *fill*         0x0000000008005474        0xc 
 .text.messagebus_lock_release
                0x0000000008005480        0x4 build/obj/port.o
                0x0000000008005480                messagebus_lock_release
 *fill*         0x0000000008005484        0xc 
 .text.messagebus_condvar_broadcast
                0x0000000008005490        0x4 build/obj/port.o
                0x0000000008005490                messagebus_condvar_broadcast
 *fill*         0x0000000008005494        0xc 
 .text.messagebus_condvar_wait
                0x00000000080054a0        0x4 build/obj/port.o
                0x00000000080054a0                messagebus_condvar_wait
 *fill*         0x00000000080054a4        0xc 
 .text.i2c_start
                0x00000000080054b0       0x50 build/obj/i2c_bus.o
                0x00000000080054b0                i2c_start
 .text.read_reg
                0x0000000008005500       0x7c build/obj/i2c_bus.o
                0x0000000008005500                read_reg
 *fill*         0x000000000800557c        0x4 
 .text.write_reg
                0x0000000008005580       0x78 build/obj/i2c_bus.o
                0x0000000008005580                write_reg
 *fill*         0x00000000080055f8        0x8 
 .text.read_reg_multi
                0x0000000008005600       0x74 build/obj/i2c_bus.o
                0x0000000008005600                read_reg_multi
 *fill*         0x0000000008005674        0xc 
 .text.ThdBodyLed
                0x0000000008005680       0x2c build/obj/main.o
 *fill*         0x00000000080056ac        0x4 
 .text.chprintf.constprop.0
                0x00000000080056b0       0x24 build/obj/main.o
 *fill*         0x00000000080056d4        0xc 
 .text.ThdFrontLed
                0x00000000080056e0       0x6c build/obj/main.o
 *fill*         0x000000000800574c        0x4 
 .text.panic_handler
                0x0000000008005750       0x2c build/obj/main.o
                0x0000000008005750                panic_handler
 *fill*         0x000000000800577c        0x4 
 .text.show_gravity
                0x0000000008005780       0x68 build/obj/main.o
                0x0000000008005780                show_gravity
 *fill*         0x00000000080057e8        0x8 
 .text.startup.main
                0x00000000080057f0      0x1a0 build/obj/main.o
                0x00000000080057f0                main
 .text.mpu9250_setup
                0x0000000008005990      0x138 build/obj/mpu9250.o
                0x0000000008005990                mpu9250_setup
 *fill*         0x0000000008005ac8        0x8 
 .text.mpu9250_read
                0x0000000008005ad0       0xa8 build/obj/mpu9250.o
                0x0000000008005ad0                mpu9250_read
 *fill*         0x0000000008005b78        0x8 
 .text.imu_compute_units
                0x0000000008005b80      0x124 build/obj/imu.o
                0x0000000008005b80                imu_compute_units
 *fill*         0x0000000008005ca4        0xc 
 .text.imu_reader_thd
                0x0000000008005cb0       0xe8 build/obj/imu.o
 *fill*         0x0000000008005d98        0x8 
 .text.imu_start
                0x0000000008005da0       0x40 build/obj/imu.o
                0x0000000008005da0                imu_start
 .text.imu_compute_offset
                0x0000000008005de0       0xb0 build/obj/imu.o
                0x0000000008005de0                imu_compute_offset
 .text.memset   0x0000000008005e90       0x94 /Applications/Eclipse_e-puck2.app/Contents/Eclipse_e-puck2/Tools/gcc-arm-none-eabi-7-2017-q4-major/bin/../lib/gcc/arm-none-eabi/7.2.1/../../../../arm-none-eabi/lib/thumb/v7e-m/fpv4-sp/hard/libg.a(lib_a-memset.o)
                0x0000000008005e90                memset
 *fill*         0x0000000008005f24        0xc 
 .text.strncpy  0x0000000008005f30       0x64 /Applications/Eclipse_e-puck2.app/Contents/Eclipse_e-puck2/Tools/gcc-arm-none-eabi-7-2017-q4-major/bin/../lib/gcc/arm-none-eabi/7.2.1/../../../../arm-none-eabi/lib/thumb/v7e-m/fpv4-sp/hard/libg.a(lib_a-strncpy.o)
                0x0000000008005f30                strncpy
 *(.rodata)
 *(.rodata.*)
 *fill*         0x0000000008005f94        0xc 
 .rodata._unhandled_exception.str1.4
                0x0000000008005fa0       0x14 build/obj/vectors.o
 *fill*         0x0000000008005fb4        0xc 
 .rodata.chSysInit.str1.4
                0x0000000008005fc0        0x5 build/obj/chsys.o
 *fill*         0x0000000008005fc5        0xb 
 .rodata._dbg_check_enable.str1.4
                0x0000000008005fd0        0x5 build/obj/chdebug.o
 *fill*         0x0000000008005fd5        0xb 
 .rodata._dbg_check_enter_isr.str1.4
                0x0000000008005fe0        0x5 build/obj/chdebug.o
 *fill*         0x0000000008005fe5        0xb 
 .rodata._dbg_check_leave_isr.str1.4
                0x0000000008005ff0        0x5 build/obj/chdebug.o
 *fill*         0x0000000008005ff5        0xb 
 .rodata._dbg_check_lock.str1.4
                0x0000000008006000        0x5 build/obj/chdebug.o
 *fill*         0x0000000008006005        0xb 
 .rodata._dbg_check_lock_from_isr.str1.4
                0x0000000008006010        0x5 build/obj/chdebug.o
 *fill*         0x0000000008006015        0xb 
 .rodata._dbg_check_unlock.str1.4
                0x0000000008006020        0x5 build/obj/chdebug.o
 *fill*         0x0000000008006025        0xb 
 .rodata._dbg_check_unlock_from_isr.str1.4
                0x0000000008006030        0x5 build/obj/chdebug.o
 *fill*         0x0000000008006035        0xb 
 .rodata.chDbgCheckClassI.str1.4
                0x0000000008006040        0x6 build/obj/chdebug.o
 *fill*         0x0000000008006046        0xa 
 .rodata.chDbgCheckClassS.str1.4
                0x0000000008006050        0x6 build/obj/chdebug.o
 *fill*         0x0000000008006056        0xa 
 .rodata.__func__.7857
                0x0000000008006060        0xb build/obj/chvt.o
 *fill*         0x000000000800606b        0x5 
 .rodata.__func__.7864
                0x0000000008006070        0xd build/obj/chvt.o
 *fill*         0x000000000800607d        0x3 
 .rodata.__func__.7854
                0x0000000008006080        0xc build/obj/chschd.o
 *fill*         0x000000000800608c        0x4 
 .rodata.chSchGoSleepS.str1.4
                0x0000000008006090        0xf build/obj/chschd.o
 *fill*         0x000000000800609f        0x1 
 .rodata.__func__.7153
                0x00000000080060a0        0xc build/obj/chthreads.o
 *fill*         0x00000000080060ac        0x4 
 .rodata.__func__.7324
                0x00000000080060b0        0xc build/obj/chthreads.o
 *fill*         0x00000000080060bc        0x4 
 .rodata.__func__.7336
                0x00000000080060c0       0x14 build/obj/chthreads.o
 *fill*         0x00000000080060d4        0xc 
 .rodata.__func__.7866
                0x00000000080060e0        0xd build/obj/chthreads.o
 *fill*         0x00000000080060ed        0x3 
 .rodata.__func__.7882
                0x00000000080060f0       0x11 build/obj/chthreads.o
 *fill*         0x0000000008006101        0xf 
 .rodata.__func__.7910
                0x0000000008006110        0xb build/obj/chthreads.o
 *fill*         0x000000000800611b        0x5 
 .rodata.__func__.7926
                0x0000000008006120       0x15 build/obj/chthreads.o
 *fill*         0x0000000008006135        0xb 
 .rodata.__func__.7932
                0x0000000008006140        0xd build/obj/chthreads.o
 *fill*         0x000000000800614d        0x3 
 .rodata.ch_debug
                0x0000000008006150       0x16 build/obj/chregistry.o
                0x0000000008006150                ch_debug
 *fill*         0x0000000008006166        0xa 
 .rodata.__func__.7153
                0x0000000008006170        0xc build/obj/chmtx.o
 *fill*         0x000000000800617c        0x4 
 .rodata.__func__.7849
                0x0000000008006180       0x10 build/obj/chmtx.o
 .rodata.__func__.7857
                0x0000000008006190        0xb build/obj/chmtx.o
 *fill*         0x000000000800619b        0x5 
 .rodata.__func__.7880
                0x00000000080061a0        0xc build/obj/chmtx.o
 *fill*         0x00000000080061ac        0x4 
 .rodata.__func__.7891
                0x00000000080061b0        0xd build/obj/chmtx.o
 *fill*         0x00000000080061bd        0x3 
 .rodata.__func__.7153
                0x00000000080061c0        0xc build/obj/chcond.o
 *fill*         0x00000000080061cc        0x4 
 .rodata.__func__.7865
                0x00000000080061d0       0x11 build/obj/chcond.o
 *fill*         0x00000000080061e1        0xf 
 .rodata.__func__.7879
                0x00000000080061f0        0xc build/obj/chcond.o
 *fill*         0x00000000080061fc        0x4 
 .rodata.__func__.7874
                0x0000000008006200       0x15 build/obj/chevents.o
 *fill*         0x0000000008006215        0xb 
 .rodata.__func__.7891
                0x0000000008006220        0xd build/obj/chevents.o
 *fill*         0x000000000800622d        0x3 
 .rodata.__func__.7153
                0x0000000008006230        0xc build/obj/chqueues.o
 *fill*         0x000000000800623c        0x4 
 .rodata.__func__.7877
                0x0000000008006240       0x10 build/obj/chqueues.o
 .rodata.__func__.7913
                0x0000000008006250       0x11 build/obj/chqueues.o
 *fill*         0x0000000008006261        0xf 
 .rodata.__func__.7153
                0x0000000008006270        0xc build/obj/chmemcore.o
 *fill*         0x000000000800627c        0x4 
 .rodata.__func__.7153
                0x0000000008006280        0xc build/obj/gpt.o
 *fill*         0x000000000800628c        0x4 
 .rodata.__func__.8890
                0x0000000008006290        0x9 build/obj/gpt.o
 *fill*         0x0000000008006299        0x7 
 .rodata.__func__.8908
                0x00000000080062a0       0x14 build/obj/gpt.o
 *fill*         0x00000000080062b4        0xc 
 .rodata.__func__.7153
                0x00000000080062c0        0xc build/obj/i2c.o
 *fill*         0x00000000080062cc        0x4 
 .rodata.__func__.8890
                0x00000000080062d0        0x9 build/obj/i2c.o
 *fill*         0x00000000080062d9        0x7 
 .rodata.__func__.8894
                0x00000000080062e0        0x8 build/obj/i2c.o
 *fill*         0x00000000080062e8        0x8 
 .rodata.__func__.8898
                0x00000000080062f0        0xd build/obj/i2c.o
 *fill*         0x00000000080062fd        0x3 
 .rodata.__func__.8909
                0x0000000008006300       0x19 build/obj/i2c.o
 *fill*         0x0000000008006319        0x7 
 .rodata.__func__.8922
                0x0000000008006320        0xe build/obj/i2c.o
 *fill*         0x000000000800632e        0x2 
 .rodata.__func__.8926
                0x0000000008006330        0xe build/obj/i2c.o
 *fill*         0x000000000800633e        0x2 
 .rodata.__func__.7153
                0x0000000008006340        0xc build/obj/serial.o
 *fill*         0x000000000800634c        0x4 
 .rodata.__func__.8931
                0x0000000008006350        0x8 build/obj/serial.o
 *fill*         0x0000000008006358        0x8 
 .rodata.__func__.8940
                0x0000000008006360       0x10 build/obj/serial.o
 .rodata.vmt    0x0000000008006370       0x20 build/obj/serial.o
 .rodata.__func__.9390
                0x0000000008006390       0x11 build/obj/usb.o
 *fill*         0x00000000080063a1        0xf 
 .rodata.__func__.9395
                0x00000000080063b0       0x12 build/obj/usb.o
 *fill*         0x00000000080063c2        0xe 
 .rodata.__func__.9429
                0x00000000080063d0        0xb build/obj/usb.o
 *fill*         0x00000000080063db        0x5 
 .rodata.__func__.9443
                0x00000000080063e0        0xc build/obj/usb.o
 *fill*         0x00000000080063ec        0x4 
 .rodata.active_status
                0x00000000080063f0        0x2 build/obj/usb.o
 *fill*         0x00000000080063f2        0xe 
 .rodata.halted_status
                0x0000000008006400        0x2 build/obj/usb.o
 *fill*         0x0000000008006402        0xe 
 .rodata.zero_status
                0x0000000008006410        0x2 build/obj/usb.o
 *fill*         0x0000000008006412        0xe 
 .rodata.__func__.8891
                0x0000000008006420       0x1d build/obj/nvic.o
 *fill*         0x000000000800643d        0x3 
 .rodata.__func__.8964
                0x0000000008006440       0x12 build/obj/stm32_dma.o
 *fill*         0x0000000008006452        0xe 
 .rodata.__func__.8971
                0x0000000008006460       0x11 build/obj/stm32_dma.o
 *fill*         0x0000000008006471        0xf 
 .rodata._stm32_dma_streams
                0x0000000008006480       0xc0 build/obj/stm32_dma.o
                0x0000000008006480                _stm32_dma_streams
 .rodata.__func__.7153
                0x0000000008006540        0xc build/obj/i2c_lld.o
 *fill*         0x000000000800654c        0x4 
 .rodata.__func__.8899
                0x0000000008006550       0x12 build/obj/i2c_lld.o
 *fill*         0x0000000008006562        0xe 
 .rodata.__func__.8964
                0x0000000008006570        0xe build/obj/i2c_lld.o
 *fill*         0x000000000800657e        0x2 
 .rodata.i2c_lld_serve_tx_end_irq.str1.4
                0x0000000008006580        0xc build/obj/i2c_lld.o
 *fill*         0x000000000800658c        0x4 
 .rodata.__func__.9336
                0x0000000008006590        0xe build/obj/usb_lld.o
 *fill*         0x000000000800659e        0x2 
 .rodata.ep0config
                0x00000000080065a0       0x24 build/obj/usb_lld.o
 *fill*         0x00000000080065c4        0xc 
 .rodata.fsparams
                0x00000000080065d0        0xc build/obj/usb_lld.o
 *fill*         0x00000000080065dc        0x4 
 .rodata.__func__.8894
                0x00000000080065e0        0xe build/obj/gpt_lld.o
 *fill*         0x00000000080065ee        0x2 
 .rodata.default_config
                0x00000000080065f0        0xc build/obj/serial_lld.o
 *fill*         0x00000000080065fc        0x4 
 .rodata.pal_default_config
                0x0000000008006600       0xfc build/obj/board.o
                0x0000000008006600                pal_default_config
 *fill*         0x00000000080066fc        0x4 
 .rodata.chvprintf.str1.4
                0x0000000008006700        0x7 build/obj/chprintf.o
 *fill*         0x0000000008006707        0x9 
 .rodata.pow10  0x0000000008006710       0x24 build/obj/chprintf.o
 *fill*         0x0000000008006734        0xc 
 .rodata.i2c_cfg1.8904
                0x0000000008006740        0xc build/obj/i2c_bus.o
 *fill*         0x000000000800674c        0x4 
 .rodata.__FUNCTION__.10173
                0x0000000008006750        0xc build/obj/main.o
 *fill*         0x000000000800675c        0x4 
 .rodata.__FUNCTION__.10180
                0x0000000008006760        0xb build/obj/main.o
 *fill*         0x000000000800676b        0x5 
 .rodata.__func__.7153
                0x0000000008006770        0xc build/obj/main.o
 *fill*         0x000000000800677c        0x4 
 .rodata.gpt11cfg.10168
                0x0000000008006780       0x10 build/obj/main.o
 .rodata.main.str1.4
                0x0000000008006790       0x78 build/obj/main.o
                                         0x75 (size before relaxing)
 *fill*         0x0000000008006808        0x8 
 .rodata.__FUNCTION__.10129
                0x0000000008006810        0xf build/obj/imu.o
 *fill*         0x000000000800681f        0x1 
 .rodata.__func__.7153
                0x0000000008006820        0xc build/obj/imu.o
 .rodata.imu_reader_thd.str1.4
                0x000000000800682c        0x5 build/obj/imu.o
 *(.glue_7t)
 .glue_7t       0x000000000800682c        0x0 linker stubs
 *(.glue_7)
 .glue_7        0x000000000800682c        0x0 linker stubs
 *(.gcc*)

.vfp11_veneer   0x000000000800682c        0x0
 .vfp11_veneer  0x000000000800682c        0x0 linker stubs

.v4_bx          0x000000000800682c        0x0
 .v4_bx         0x000000000800682c        0x0 linker stubs

.iplt           0x000000000800682c        0x0
 .iplt          0x000000000800682c        0x0 build/obj/crt0_v7m.o

.rel.dyn        0x000000000800682c        0x0
 .rel.iplt      0x000000000800682c        0x0 build/obj/crt0_v7m.o

.ARM.extab
 *(.ARM.extab* .gnu.linkonce.armextab.*)

.ARM.exidx      0x000000000800682c        0x0
                [!provide]                        PROVIDE (__exidx_start, .)
 *(.ARM.exidx* .gnu.linkonce.armexidx.*)
                [!provide]                        PROVIDE (__exidx_end, .)

.eh_frame_hdr
 *(.eh_frame_hdr)

.eh_frame
 *(.eh_frame)

.textalign      0x000000000800682c        0x4
                0x0000000008006830                . = ALIGN (0x8)
 *fill*         0x000000000800682c        0x4 
                0x0000000008006830                . = ALIGN (0x4)
                0x0000000008006830                _etext = .
                0x0000000008006830                _textdata = _etext

.mstack         0x0000000020000000      0x400
                0x0000000020000000                . = ALIGN (0x8)
                0x0000000020000000                __main_stack_base__ = .
                0x0000000020000400                . = (. + __main_stack_size__)
 *fill*         0x0000000020000000      0x400 
                0x0000000020000400                . = ALIGN (0x8)
                0x0000000020000400                __main_stack_end__ = .

.pstack         0x0000000020000400      0x400
                0x0000000020000400                __process_stack_base__ = .
                0x0000000020000400                __main_thread_stack_base__ = .
                0x0000000020000800                . = (. + __process_stack_size__)
 *fill*         0x0000000020000400      0x400 
                0x0000000020000800                . = ALIGN (0x8)
                0x0000000020000800                __process_stack_end__ = .
                0x0000000020000800                __main_thread_stack_end__ = .

.data           0x0000000020000800       0x2c load address 0x0000000008006830
                0x0000000020000800                . = ALIGN (0x4)
                0x0000000020000800                PROVIDE (_data, .)
 *(.data)
 *(.data.*)
 .data.bus_condvar
                0x0000000020000800        0x8 build/obj/main.o
                0x0000000020000800                bus_condvar
 .data.bus_lock
                0x0000000020000808       0x14 build/obj/main.o
                0x0000000020000808                bus_lock
 .data.ser_cfg.10164
                0x000000002000081c        0xc build/obj/main.o
 .data.imu_addr
                0x0000000020000828        0x1 build/obj/mpu9250.o
 *(.ramtext)
                0x000000002000082c                . = ALIGN (0x4)
 *fill*         0x0000000020000829        0x3 
                0x000000002000082c                PROVIDE (_edata, .)

.igot.plt       0x000000002000082c        0x0 load address 0x000000000800685c
 .igot.plt      0x000000002000082c        0x0 build/obj/crt0_v7m.o

.bss            0x0000000020000830     0x1438 load address 0x000000000800685c
                0x0000000020000830                . = ALIGN (0x4)
                0x0000000020000830                PROVIDE (_bss_start, .)
 *(.bss)
 *(.bss.*)
 .bss.ch        0x0000000020000830      0x670 build/obj/chschd.o
                0x0000000020000830                ch
 .bss.endmem    0x0000000020000ea0        0x4 build/obj/chmemcore.o
 .bss.nextmem   0x0000000020000ea4        0x4 build/obj/chmemcore.o
 .bss.default_heap
                0x0000000020000ea8       0x28 build/obj/chheap.o
 .bss.dma_isr_redir
                0x0000000020000ed0       0x80 build/obj/stm32_dma.o
 .bss.dma_streams_mask
                0x0000000020000f50        0x4 build/obj/stm32_dma.o
 .bss.I2CD1     0x0000000020000f54       0x3c build/obj/i2c_lld.o
                0x0000000020000f54                I2CD1
 .bss.USBD1     0x0000000020000f90      0x260 build/obj/usb_lld.o
                0x0000000020000f90                USBD1
 .bss.ep0_state
                0x00000000200011f0       0x14 build/obj/usb_lld.o
 .bss.ep0setup_buffer
                0x0000000020001204        0x8 build/obj/usb_lld.o
 .bss.GPTD11    0x000000002000120c       0x10 build/obj/gpt_lld.o
                0x000000002000120c                GPTD11
 .bss.SD3       0x000000002000121c       0x78 build/obj/serial_lld.o
                0x000000002000121c                SD3
 .bss.errors    0x0000000020001294        0x4 build/obj/i2c_bus.o
 .bss.bus       0x0000000020001298        0xc build/obj/main.o
                0x0000000020001298                bus
 *fill*         0x00000000200012a4        0x4 
 .bss.waThdBodyLed
                0x00000000200012a8      0x1f8 build/obj/main.o
 .bss.waThdFrontLed
                0x00000000200014a0      0x1f8 build/obj/main.o
 .bss.imuThd    0x0000000020001698        0x4 build/obj/imu.o
 .bss.imu_configured
                0x000000002000169c        0x1 build/obj/imu.o
 *fill*         0x000000002000169d        0x3 
 .bss.imu_reader_thd_wa.10141
                0x00000000200016a0      0x578 build/obj/imu.o
 .bss.imu_values
                0x0000000020001c18       0x50 build/obj/imu.o
 *(COMMON)
                0x0000000020001c68                . = ALIGN (0x4)
                0x0000000020001c68                PROVIDE (_bss_end, .)
                [!provide]                        PROVIDE (end, .)

.ram0           0x0000000020001c68        0x0 load address 0x000000000800685c
                0x0000000020001c68                . = ALIGN (0x4)
 *(.ram0)
 *(.ram0.*)
                0x0000000020001c68                . = ALIGN (0x4)
                0x0000000020001c68                __ram0_free__ = .

.ram1           0x0000000020000000        0x0
                0x0000000020000000                . = ALIGN (0x4)
 *(.ram1)
 *(.ram1.*)
                0x0000000020000000                . = ALIGN (0x4)
                0x0000000020000000                __ram1_free__ = .

.ram2           0x000000002001c000        0x0
                0x000000002001c000                . = ALIGN (0x4)
 *(.ram2)
 *(.ram2.*)
                0x000000002001c000                . = ALIGN (0x4)
                0x000000002001c000                __ram2_free__ = .

.ram3           0x0000000000000000        0x0
                0x0000000000000000                . = ALIGN (0x4)
 *(.ram3)
 *(.ram3.*)
                0x0000000000000000                . = ALIGN (0x4)
                0x0000000000000000                __ram3_free__ = .

.ram4           0x0000000010000000        0x0
                0x0000000010000000                . = ALIGN (0x4)
 *(.ram4)
 *(.ram4.*)
                0x0000000010000000                . = ALIGN (0x4)
                0x0000000010000000                __ram4_free__ = .

.ram5           0x0000000040024000        0x0
                0x0000000040024000                . = ALIGN (0x4)
 *(.ram5)
 *(.ram5.*)
                0x0000000040024000                . = ALIGN (0x4)
                0x0000000040024000                __ram5_free__ = .

.ram6           0x0000000000000000        0x0
                0x0000000000000000                . = ALIGN (0x4)
 *(.ram6)
 *(.ram6.*)
                0x0000000000000000                . = ALIGN (0x4)
                0x0000000000000000                __ram6_free__ = .

.ram7           0x0000000000000000        0x0
                0x0000000000000000                . = ALIGN (0x4)
 *(.ram7)
 *(.ram7.*)
                0x0000000000000000                . = ALIGN (0x4)
                0x0000000000000000                __ram7_free__ = .
                0x0000000020001c68                __heap_base__ = __ram0_free__
                0x0000000020020000                __heap_end__ = __ram0_end__
                0x0000000000000400                __process_stack_size__ = 0x400
                0x0000000000000400                __main_stack_size__ = 0x400
START GROUP
LOAD /Applications/Eclipse_e-puck2.app/Contents/Eclipse_e-puck2/Tools/gcc-arm-none-eabi-7-2017-q4-major/bin/../lib/gcc/arm-none-eabi/7.2.1/thumb/v7e-m/fpv4-sp/hard/libgcc.a
LOAD /Applications/Eclipse_e-puck2.app/Contents/Eclipse_e-puck2/Tools/gcc-arm-none-eabi-7-2017-q4-major/bin/../lib/gcc/arm-none-eabi/7.2.1/../../../../arm-none-eabi/lib/thumb/v7e-m/fpv4-sp/hard/libg.a
LOAD /Applications/Eclipse_e-puck2.app/Contents/Eclipse_e-puck2/Tools/gcc-arm-none-eabi-7-2017-q4-major/bin/../lib/gcc/arm-none-eabi/7.2.1/../../../../arm-none-eabi/lib/thumb/v7e-m/fpv4-sp/hard/libc.a
END GROUP
OUTPUT(build/Chibi.elf elf32-littlearm)

.ARM.attributes
                0x0000000000000000       0x35
 .ARM.attributes
                0x0000000000000000       0x25 build/obj/crt0_v7m.o
 .ARM.attributes
                0x0000000000000025       0x25 build/obj/chcoreasm_v7m.o
 .ARM.attributes
                0x000000000000004a       0x39 build/obj/crt1.o
 .ARM.attributes
                0x0000000000000083       0x39 build/obj/vectors.o
 .ARM.attributes
                0x00000000000000bc       0x39 build/obj/chsys.o
 .ARM.attributes
                0x00000000000000f5       0x39 build/obj/chdebug.o
 .ARM.attributes
                0x000000000000012e       0x39 build/obj/chvt.o
 .ARM.attributes
                0x0000000000000167       0x39 build/obj/chschd.o
 .ARM.attributes
                0x00000000000001a0       0x39 build/obj/chthreads.o
 .ARM.attributes
                0x00000000000001d9       0x39 build/obj/chtm.o
 .ARM.attributes
                0x0000000000000212       0x39 build/obj/chstats.o
 .ARM.attributes
                0x000000000000024b       0x39 build/obj/chregistry.o
 .ARM.attributes
                0x0000000000000284       0x39 build/obj/chmtx.o
 .ARM.attributes
                0x00000000000002bd       0x39 build/obj/chcond.o
 .ARM.attributes
                0x00000000000002f6       0x39 build/obj/chevents.o
 .ARM.attributes
                0x000000000000032f       0x39 build/obj/chqueues.o
 .ARM.attributes
                0x0000000000000368       0x39 build/obj/chmemcore.o
 .ARM.attributes
                0x00000000000003a1       0x39 build/obj/chheap.o
 .ARM.attributes
                0x00000000000003da       0x39 build/obj/chcore_v7m.o
 .ARM.attributes
                0x0000000000000413       0x39 build/obj/hal.o
 .ARM.attributes
                0x000000000000044c       0x39 build/obj/gpt.o
 .ARM.attributes
                0x0000000000000485       0x39 build/obj/i2c.o
 .ARM.attributes
                0x00000000000004be       0x39 build/obj/serial.o
 .ARM.attributes
                0x00000000000004f7       0x39 build/obj/serial_usb.o
 .ARM.attributes
                0x0000000000000530       0x39 build/obj/st.o
 .ARM.attributes
                0x0000000000000569       0x39 build/obj/usb.o
 .ARM.attributes
                0x00000000000005a2       0x39 build/obj/nvic.o
 .ARM.attributes
                0x00000000000005db       0x39 build/obj/stm32_dma.o
 .ARM.attributes
                0x0000000000000614       0x39 build/obj/hal_lld.o
 .ARM.attributes
                0x000000000000064d       0x39 build/obj/pal_lld.o
 .ARM.attributes
                0x0000000000000686       0x39 build/obj/i2c_lld.o
 .ARM.attributes
                0x00000000000006bf       0x39 build/obj/usb_lld.o
 .ARM.attributes
                0x00000000000006f8       0x39 build/obj/gpt_lld.o
 .ARM.attributes
                0x0000000000000731       0x39 build/obj/st_lld.o
 .ARM.attributes
                0x000000000000076a       0x39 build/obj/serial_lld.o
 .ARM.attributes
                0x00000000000007a3       0x39 build/obj/board.o
 .ARM.attributes
                0x00000000000007dc       0x39 build/obj/chprintf.o
 .ARM.attributes
                0x0000000000000815       0x39 build/obj/messagebus.o
 .ARM.attributes
                0x000000000000084e       0x39 build/obj/port.o
 .ARM.attributes
                0x0000000000000887       0x39 build/obj/i2c_bus.o
 .ARM.attributes
                0x00000000000008c0       0x39 build/obj/main.o
 .ARM.attributes
                0x00000000000008f9       0x39 build/obj/mpu9250.o
 .ARM.attributes
                0x0000000000000932       0x39 build/obj/imu.o
 .ARM.attributes
                0x000000000000096b       0x22 /Applications/Eclipse_e-puck2.app/Contents/Eclipse_e-puck2/Tools/gcc-arm-none-eabi-7-2017-q4-major/bin/../lib/gcc/arm-none-eabi/7.2.1/thumb/v7e-m/fpv4-sp/hard/libgcc.a(_arm_addsubdf3.o)
 .ARM.attributes
                0x000000000000098d       0x22 /Applications/Eclipse_e-puck2.app/Contents/Eclipse_e-puck2/Tools/gcc-arm-none-eabi-7-2017-q4-major/bin/../lib/gcc/arm-none-eabi/7.2.1/thumb/v7e-m/fpv4-sp/hard/libgcc.a(_arm_muldivdf3.o)
 .ARM.attributes
                0x00000000000009af       0x22 /Applications/Eclipse_e-puck2.app/Contents/Eclipse_e-puck2/Tools/gcc-arm-none-eabi-7-2017-q4-major/bin/../lib/gcc/arm-none-eabi/7.2.1/thumb/v7e-m/fpv4-sp/hard/libgcc.a(_arm_fixdfsi.o)
 .ARM.attributes
                0x00000000000009d1       0x22 /Applications/Eclipse_e-puck2.app/Contents/Eclipse_e-puck2/Tools/gcc-arm-none-eabi-7-2017-q4-major/bin/../lib/gcc/arm-none-eabi/7.2.1/thumb/v7e-m/fpv4-sp/hard/libgcc.a(_arm_truncdfsf2.o)
 .ARM.attributes
                0x00000000000009f3       0x20 /Applications/Eclipse_e-puck2.app/Contents/Eclipse_e-puck2/Tools/gcc-arm-none-eabi-7-2017-q4-major/bin/../lib/gcc/arm-none-eabi/7.2.1/../../../../arm-none-eabi/lib/thumb/v7e-m/fpv4-sp/hard/libg.a(lib_a-memcpy.o)
 .ARM.attributes
                0x0000000000000a13       0x34 /Applications/Eclipse_e-puck2.app/Contents/Eclipse_e-puck2/Tools/gcc-arm-none-eabi-7-2017-q4-major/bin/../lib/gcc/arm-none-eabi/7.2.1/../../../../arm-none-eabi/lib/thumb/v7e-m/fpv4-sp/hard/libg.a(lib_a-memset.o)
 .ARM.attributes
                0x0000000000000a47       0x20 /Applications/Eclipse_e-puck2.app/Contents/Eclipse_e-puck2/Tools/gcc-arm-none-eabi-7-2017-q4-major/bin/../lib/gcc/arm-none-eabi/7.2.1/../../../../arm-none-eabi/lib/thumb/v7e-m/fpv4-sp/hard/libg.a(lib_a-strcmp.o)
 .ARM.attributes
                0x0000000000000a67       0x34 /Applications/Eclipse_e-puck2.app/Contents/Eclipse_e-puck2/Tools/gcc-arm-none-eabi-7-2017-q4-major/bin/../lib/gcc/arm-none-eabi/7.2.1/../../../../arm-none-eabi/lib/thumb/v7e-m/fpv4-sp/hard/libg.a(lib_a-strncpy.o)

.comment        0x0000000000000000       0x7e
 .comment       0x0000000000000000       0x7e build/obj/crt1.o
                                         0x7f (size before relaxing)
 .comment       0x000000000000007e       0x7f build/obj/vectors.o
 .comment       0x000000000000007e       0x7f build/obj/chsys.o
 .comment       0x000000000000007e       0x7f build/obj/chdebug.o
 .comment       0x000000000000007e       0x7f build/obj/chvt.o
 .comment       0x000000000000007e       0x7f build/obj/chschd.o
 .comment       0x000000000000007e       0x7f build/obj/chthreads.o
 .comment       0x000000000000007e       0x7f build/obj/chtm.o
 .comment       0x000000000000007e       0x7f build/obj/chstats.o
 .comment       0x000000000000007e       0x7f build/obj/chregistry.o
 .comment       0x000000000000007e       0x7f build/obj/chmtx.o
 .comment       0x000000000000007e       0x7f build/obj/chcond.o
 .comment       0x000000000000007e       0x7f build/obj/chevents.o
 .comment       0x000000000000007e       0x7f build/obj/chqueues.o
 .comment       0x000000000000007e       0x7f build/obj/chmemcore.o
 .comment       0x000000000000007e       0x7f build/obj/chheap.o
 .comment       0x000000000000007e       0x7f build/obj/chcore_v7m.o
 .comment       0x000000000000007e       0x7f build/obj/hal.o
 .comment       0x000000000000007e       0x7f build/obj/gpt.o
 .comment       0x000000000000007e       0x7f build/obj/i2c.o
 .comment       0x000000000000007e       0x7f build/obj/serial.o
 .comment       0x000000000000007e       0x7f build/obj/serial_usb.o
 .comment       0x000000000000007e       0x7f build/obj/st.o
 .comment       0x000000000000007e       0x7f build/obj/usb.o
 .comment       0x000000000000007e       0x7f build/obj/nvic.o
 .comment       0x000000000000007e       0x7f build/obj/stm32_dma.o
 .comment       0x000000000000007e       0x7f build/obj/hal_lld.o
 .comment       0x000000000000007e       0x7f build/obj/pal_lld.o
 .comment       0x000000000000007e       0x7f build/obj/i2c_lld.o
 .comment       0x000000000000007e       0x7f build/obj/usb_lld.o
 .comment       0x000000000000007e       0x7f build/obj/gpt_lld.o
 .comment       0x000000000000007e       0x7f build/obj/st_lld.o
 .comment       0x000000000000007e       0x7f build/obj/serial_lld.o
 .comment       0x000000000000007e       0x7f build/obj/board.o
 .comment       0x000000000000007e       0x7f build/obj/chprintf.o
 .comment       0x000000000000007e       0x7f build/obj/messagebus.o
 .comment       0x000000000000007e       0x7f build/obj/port.o
 .comment       0x000000000000007e       0x7f build/obj/i2c_bus.o
 .comment       0x000000000000007e       0x7f build/obj/main.o
 .comment       0x000000000000007e       0x7f build/obj/mpu9250.o
 .comment       0x000000000000007e       0x7f build/obj/imu.o

.debug_info     0x0000000000000000    0x4e76a
 .debug_info    0x0000000000000000       0x55 build/obj/crt1.o
 .debug_info    0x0000000000000055      0x20e build/obj/vectors.o
 .debug_info    0x0000000000000263     0x1b48 build/obj/chsys.o
 .debug_info    0x0000000000001dab      0xd49 build/obj/chdebug.o
 .debug_info    0x0000000000002af4      0xb3f build/obj/chvt.o
 .debug_info    0x0000000000003633     0x133e build/obj/chschd.o
 .debug_info    0x0000000000004971     0x2217 build/obj/chthreads.o
 .debug_info    0x0000000000006b88      0xd13 build/obj/chtm.o
 .debug_info    0x000000000000789b      0xb2a build/obj/chstats.o
 .debug_info    0x00000000000083c5      0xce3 build/obj/chregistry.o
 .debug_info    0x00000000000090a8     0x16cb build/obj/chmtx.o
 .debug_info    0x000000000000a773     0x14b5 build/obj/chcond.o
 .debug_info    0x000000000000bc28     0x1cbd build/obj/chevents.o
 .debug_info    0x000000000000d8e5     0x173d build/obj/chqueues.o
 .debug_info    0x000000000000f022      0xc97 build/obj/chmemcore.o
 .debug_info    0x000000000000fcb9      0xdbf build/obj/chheap.o
 .debug_info    0x0000000000010a78      0xf9b build/obj/chcore_v7m.o
 .debug_info    0x0000000000011a13     0x2051 build/obj/hal.o
 .debug_info    0x0000000000013a64     0x2b28 build/obj/gpt.o
 .debug_info    0x000000000001658c     0x29a1 build/obj/i2c.o
 .debug_info    0x0000000000018f2d     0x2afd build/obj/serial.o
 .debug_info    0x000000000001ba2a     0x352d build/obj/serial_usb.o
 .debug_info    0x000000000001ef57     0x218e build/obj/st.o
 .debug_info    0x00000000000210e5     0x3eba build/obj/usb.o
 .debug_info    0x0000000000024f9f     0x232f build/obj/nvic.o
 .debug_info    0x00000000000272ce     0x2a4b build/obj/stm32_dma.o
 .debug_info    0x0000000000029d19     0x2222 build/obj/hal_lld.o
 .debug_info    0x000000000002bf3b     0x24a0 build/obj/pal_lld.o
 .debug_info    0x000000000002e3db     0x3570 build/obj/i2c_lld.o
 .debug_info    0x000000000003194b     0x4979 build/obj/usb_lld.o
 .debug_info    0x00000000000362c4     0x23bd build/obj/gpt_lld.o
 .debug_info    0x0000000000038681     0x2212 build/obj/st_lld.o
 .debug_info    0x000000000003a893     0x2aaf build/obj/serial_lld.o
 .debug_info    0x000000000003d342     0x1fc2 build/obj/board.o
 .debug_info    0x000000000003f304     0x2641 build/obj/chprintf.o
 .debug_info    0x0000000000041945     0x1011 build/obj/messagebus.o
 .debug_info    0x0000000000042956      0xba4 build/obj/port.o
 .debug_info    0x00000000000434fa     0x2561 build/obj/i2c_bus.o
 .debug_info    0x0000000000045a5b     0x3499 build/obj/main.o
 .debug_info    0x0000000000048ef4     0x26ff build/obj/mpu9250.o
 .debug_info    0x000000000004b5f3     0x3177 build/obj/imu.o

.debug_abbrev   0x0000000000000000     0x86e2
 .debug_abbrev  0x0000000000000000       0x5f build/obj/crt1.o
 .debug_abbrev  0x000000000000005f       0xf1 build/obj/vectors.o
 .debug_abbrev  0x0000000000000150      0x4bd build/obj/chsys.o
 .debug_abbrev  0x000000000000060d      0x26c build/obj/chdebug.o
 .debug_abbrev  0x0000000000000879      0x231 build/obj/chvt.o
 .debug_abbrev  0x0000000000000aaa      0x3f6 build/obj/chschd.o
 .debug_abbrev  0x0000000000000ea0      0x44b build/obj/chthreads.o
 .debug_abbrev  0x00000000000012eb      0x2af build/obj/chtm.o
 .debug_abbrev  0x000000000000159a      0x1ec build/obj/chstats.o
 .debug_abbrev  0x0000000000001786      0x2bb build/obj/chregistry.o
 .debug_abbrev  0x0000000000001a41      0x3e1 build/obj/chmtx.o
 .debug_abbrev  0x0000000000001e22      0x38d build/obj/chcond.o
 .debug_abbrev  0x00000000000021af      0x39c build/obj/chevents.o
 .debug_abbrev  0x000000000000254b      0x3f9 build/obj/chqueues.o
 .debug_abbrev  0x0000000000002944      0x320 build/obj/chmemcore.o
 .debug_abbrev  0x0000000000002c64      0x2ce build/obj/chheap.o
 .debug_abbrev  0x0000000000002f32      0x282 build/obj/chcore_v7m.o
 .debug_abbrev  0x00000000000031b4      0x267 build/obj/hal.o
 .debug_abbrev  0x000000000000341b      0x36a build/obj/gpt.o
 .debug_abbrev  0x0000000000003785      0x3d9 build/obj/i2c.o
 .debug_abbrev  0x0000000000003b5e      0x414 build/obj/serial.o
 .debug_abbrev  0x0000000000003f72      0x517 build/obj/serial_usb.o
 .debug_abbrev  0x0000000000004489      0x312 build/obj/st.o
 .debug_abbrev  0x000000000000479b      0x4bf build/obj/usb.o
 .debug_abbrev  0x0000000000004c5a      0x27d build/obj/nvic.o
 .debug_abbrev  0x0000000000004ed7      0x33a build/obj/stm32_dma.o
 .debug_abbrev  0x0000000000005211      0x27f build/obj/hal_lld.o
 .debug_abbrev  0x0000000000005490      0x2d4 build/obj/pal_lld.o
 .debug_abbrev  0x0000000000005764      0x460 build/obj/i2c_lld.o
 .debug_abbrev  0x0000000000005bc4      0x57a build/obj/usb_lld.o
 .debug_abbrev  0x000000000000613e      0x34f build/obj/gpt_lld.o
 .debug_abbrev  0x000000000000648d      0x2d9 build/obj/st_lld.o
 .debug_abbrev  0x0000000000006766      0x404 build/obj/serial_lld.o
 .debug_abbrev  0x0000000000006b6a      0x261 build/obj/board.o
 .debug_abbrev  0x0000000000006dcb      0x3e3 build/obj/chprintf.o
 .debug_abbrev  0x00000000000071ae      0x305 build/obj/messagebus.o
 .debug_abbrev  0x00000000000074b3      0x1c8 build/obj/port.o
 .debug_abbrev  0x000000000000767b      0x362 build/obj/i2c_bus.o
 .debug_abbrev  0x00000000000079dd      0x4eb build/obj/main.o
 .debug_abbrev  0x0000000000007ec8      0x38c build/obj/mpu9250.o
 .debug_abbrev  0x0000000000008254      0x48e build/obj/imu.o

.debug_aranges  0x0000000000000000      0xe38
 .debug_aranges
                0x0000000000000000       0x28 build/obj/crt1.o
 .debug_aranges
                0x0000000000000028       0x20 build/obj/vectors.o
 .debug_aranges
                0x0000000000000048       0x60 build/obj/chsys.o
 .debug_aranges
                0x00000000000000a8       0x80 build/obj/chdebug.o
 .debug_aranges
                0x0000000000000128       0x30 build/obj/chvt.o
 .debug_aranges
                0x0000000000000158       0x70 build/obj/chschd.o
 .debug_aranges
                0x00000000000001c8       0xc8 build/obj/chthreads.o
 .debug_aranges
                0x0000000000000290       0x40 build/obj/chtm.o
 .debug_aranges
                0x00000000000002d0       0x50 build/obj/chstats.o
 .debug_aranges
                0x0000000000000320       0x28 build/obj/chregistry.o
 .debug_aranges
                0x0000000000000348       0x58 build/obj/chmtx.o
 .debug_aranges
                0x00000000000003a0       0x60 build/obj/chcond.o
 .debug_aranges
                0x0000000000000400       0xa0 build/obj/chevents.o
 .debug_aranges
                0x00000000000004a0       0x68 build/obj/chqueues.o
 .debug_aranges
                0x0000000000000508       0x38 build/obj/chmemcore.o
 .debug_aranges
                0x0000000000000540       0x40 build/obj/chheap.o
 .debug_aranges
                0x0000000000000580       0x28 build/obj/chcore_v7m.o
 .debug_aranges
                0x00000000000005a8       0x20 build/obj/hal.o
 .debug_aranges
                0x00000000000005c8       0x78 build/obj/gpt.o
 .debug_aranges
                0x0000000000000640       0x60 build/obj/i2c.o
 .debug_aranges
                0x00000000000006a0       0x88 build/obj/serial.o
 .debug_aranges
                0x0000000000000728       0xb0 build/obj/serial_usb.o
 .debug_aranges
                0x00000000000007d8       0x40 build/obj/st.o
 .debug_aranges
                0x0000000000000818       0xa8 build/obj/usb.o
 .debug_aranges
                0x00000000000008c0       0x38 build/obj/nvic.o
 .debug_aranges
                0x00000000000008f8       0xb0 build/obj/stm32_dma.o
 .debug_aranges
                0x00000000000009a8       0x28 build/obj/hal_lld.o
 .debug_aranges
                0x00000000000009d0       0x28 build/obj/pal_lld.o
 .debug_aranges
                0x00000000000009f8       0x60 build/obj/i2c_lld.o
 .debug_aranges
                0x0000000000000a58       0xd0 build/obj/usb_lld.o
 .debug_aranges
                0x0000000000000b28       0x50 build/obj/gpt_lld.o
 .debug_aranges
                0x0000000000000b78       0x28 build/obj/st_lld.o
 .debug_aranges
                0x0000000000000ba0       0x40 build/obj/serial_lld.o
 .debug_aranges
                0x0000000000000be0       0x28 build/obj/board.o
 .debug_aranges
                0x0000000000000c08       0x28 build/obj/chprintf.o
 .debug_aranges
                0x0000000000000c30       0x70 build/obj/messagebus.o
 .debug_aranges
                0x0000000000000ca0       0x38 build/obj/port.o
 .debug_aranges
                0x0000000000000cd8       0x48 build/obj/i2c_bus.o
 .debug_aranges
                0x0000000000000d20       0x48 build/obj/main.o
 .debug_aranges
                0x0000000000000d68       0x48 build/obj/mpu9250.o
 .debug_aranges
                0x0000000000000db0       0x88 build/obj/imu.o

.debug_ranges   0x0000000000000000     0x2be8
 .debug_ranges  0x0000000000000000       0x18 build/obj/crt1.o
 .debug_ranges  0x0000000000000018       0x10 build/obj/vectors.o
 .debug_ranges  0x0000000000000028      0x170 build/obj/chsys.o
 .debug_ranges  0x0000000000000198       0x70 build/obj/chdebug.o
 .debug_ranges  0x0000000000000208       0x20 build/obj/chvt.o
 .debug_ranges  0x0000000000000228      0x178 build/obj/chschd.o
 .debug_ranges  0x00000000000003a0      0x4f8 build/obj/chthreads.o
 .debug_ranges  0x0000000000000898       0xc0 build/obj/chtm.o
 .debug_ranges  0x0000000000000958       0x40 build/obj/chstats.o
 .debug_ranges  0x0000000000000998       0xb0 build/obj/chregistry.o
 .debug_ranges  0x0000000000000a48      0x330 build/obj/chmtx.o
 .debug_ranges  0x0000000000000d78      0x248 build/obj/chcond.o
 .debug_ranges  0x0000000000000fc0      0x348 build/obj/chevents.o
 .debug_ranges  0x0000000000001308      0x1b0 build/obj/chqueues.o
 .debug_ranges  0x00000000000014b8       0x58 build/obj/chmemcore.o
 .debug_ranges  0x0000000000001510       0x30 build/obj/chheap.o
 .debug_ranges  0x0000000000001540       0x48 build/obj/chcore_v7m.o
 .debug_ranges  0x0000000000001588       0x10 build/obj/hal.o
 .debug_ranges  0x0000000000001598      0x1b8 build/obj/gpt.o
 .debug_ranges  0x0000000000001750      0x148 build/obj/i2c.o
 .debug_ranges  0x0000000000001898       0xf0 build/obj/serial.o
 .debug_ranges  0x0000000000001988      0x130 build/obj/serial_usb.o
 .debug_ranges  0x0000000000001ab8       0x60 build/obj/st.o
 .debug_ranges  0x0000000000001b18      0x1c8 build/obj/usb.o
 .debug_ranges  0x0000000000001ce0       0x28 build/obj/nvic.o
 .debug_ranges  0x0000000000001d08       0xa0 build/obj/stm32_dma.o
 .debug_ranges  0x0000000000001da8       0x38 build/obj/hal_lld.o
 .debug_ranges  0x0000000000001de0       0x70 build/obj/pal_lld.o
 .debug_ranges  0x0000000000001e50      0x268 build/obj/i2c_lld.o
 .debug_ranges  0x00000000000020b8      0x3e8 build/obj/usb_lld.o
 .debug_ranges  0x00000000000024a0       0x40 build/obj/gpt_lld.o
 .debug_ranges  0x00000000000024e0       0x18 build/obj/st_lld.o
 .debug_ranges  0x00000000000024f8      0x100 build/obj/serial_lld.o
 .debug_ranges  0x00000000000025f8       0x18 build/obj/board.o
 .debug_ranges  0x0000000000002610       0x88 build/obj/chprintf.o
 .debug_ranges  0x0000000000002698       0x60 build/obj/messagebus.o
 .debug_ranges  0x00000000000026f8       0x28 build/obj/port.o
 .debug_ranges  0x0000000000002720       0xb0 build/obj/i2c_bus.o
 .debug_ranges  0x00000000000027d0       0xe0 build/obj/main.o
 .debug_ranges  0x00000000000028b0      0x240 build/obj/mpu9250.o
 .debug_ranges  0x0000000000002af0       0xf8 build/obj/imu.o

.debug_line     0x0000000000000000    0x10296
 .debug_line    0x0000000000000000       0x7e build/obj/crt1.o
 .debug_line    0x000000000000007e      0x1fe build/obj/vectors.o
 .debug_line    0x000000000000027c      0x5a7 build/obj/chsys.o
 .debug_line    0x0000000000000823      0x48a build/obj/chdebug.o
 .debug_line    0x0000000000000cad      0x36f build/obj/chvt.o
 .debug_line    0x000000000000101c      0x666 build/obj/chschd.o
 .debug_line    0x0000000000001682      0x991 build/obj/chthreads.o
 .debug_line    0x0000000000002013      0x3c2 build/obj/chtm.o
 .debug_line    0x00000000000023d5      0x35e build/obj/chstats.o
 .debug_line    0x0000000000002733      0x451 build/obj/chregistry.o
 .debug_line    0x0000000000002b84      0x73d build/obj/chmtx.o
 .debug_line    0x00000000000032c1      0x605 build/obj/chcond.o
 .debug_line    0x00000000000038c6      0x7d7 build/obj/chevents.o
 .debug_line    0x000000000000409d      0x672 build/obj/chqueues.o
 .debug_line    0x000000000000470f      0x41e build/obj/chmemcore.o